Component: Arm Compiler for Embedded 6.19 Tool: armlink [5e73cb00]

==============================================================================

Section Cross References

    pll.o(.ARM.exidx.text.PLL_Init) refers to pll.o(.text.PLL_Init) for [Anonymous Symbol]
    systick.o(.ARM.exidx.text.SysTick_Init) refers to systick.o(.text.SysTick_Init) for [Anonymous Symbol]
    systick.o(.ARM.exidx.text.SysTick_Wait) refers to systick.o(.text.SysTick_Wait) for [Anonymous Symbol]
    systick.o(.ARM.exidx.text.SysTick_Wait10ms) refers to systick.o(.text.SysTick_Wait10ms) for [Anonymous Symbol]
    vl53l1_platform_2dx4.o(.ARM.exidx.text.beginTxI2C) refers to vl53l1_platform_2dx4.o(.text.beginTxI2C) for [Anonymous Symbol]
    vl53l1_platform_2dx4.o(.ARM.exidx.text.beginRxI2C) refers to vl53l1_platform_2dx4.o(.text.beginRxI2C) for [Anonymous Symbol]
    vl53l1_platform_2dx4.o(.text.writeRegisterIndex) refers to onboardleds.o(.text.FlashI2CTx) for FlashI2CTx
    vl53l1_platform_2dx4.o(.text.writeRegisterIndex) refers to onboardleds.o(.text.FlashI2CError) for FlashI2CError
    vl53l1_platform_2dx4.o(.ARM.exidx.text.writeRegisterIndex) refers to vl53l1_platform_2dx4.o(.text.writeRegisterIndex) for [Anonymous Symbol]
    vl53l1_platform_2dx4.o(.text.writeRegisterIndex_nostop) refers to onboardleds.o(.text.FlashI2CTx) for FlashI2CTx
    vl53l1_platform_2dx4.o(.text.writeRegisterIndex_nostop) refers to onboardleds.o(.text.FlashI2CError) for FlashI2CError
    vl53l1_platform_2dx4.o(.ARM.exidx.text.writeRegisterIndex_nostop) refers to vl53l1_platform_2dx4.o(.text.writeRegisterIndex_nostop) for [Anonymous Symbol]
    vl53l1_platform_2dx4.o(.text.writeI2C) refers to onboardleds.o(.text.FlashI2CTx) for FlashI2CTx
    vl53l1_platform_2dx4.o(.text.writeI2C) refers to onboardleds.o(.text.FlashI2CError) for FlashI2CError
    vl53l1_platform_2dx4.o(.ARM.exidx.text.writeI2C) refers to vl53l1_platform_2dx4.o(.text.writeI2C) for [Anonymous Symbol]
    vl53l1_platform_2dx4.o(.text.readI2C) refers to onboardleds.o(.text.FlashI2CRx) for FlashI2CRx
    vl53l1_platform_2dx4.o(.text.readI2C) refers to onboardleds.o(.text.FlashI2CError) for FlashI2CError
    vl53l1_platform_2dx4.o(.ARM.exidx.text.readI2C) refers to vl53l1_platform_2dx4.o(.text.readI2C) for [Anonymous Symbol]
    vl53l1_platform_2dx4.o(.text.VL53L1_WriteMulti) refers to vl53l1_platform_2dx4.o(.text.writeRegisterIndex) for writeRegisterIndex
    vl53l1_platform_2dx4.o(.text.VL53L1_WriteMulti) refers to vl53l1_platform_2dx4.o(.text.writeI2C) for writeI2C
    vl53l1_platform_2dx4.o(.ARM.exidx.text.VL53L1_WriteMulti) refers to vl53l1_platform_2dx4.o(.text.VL53L1_WriteMulti) for [Anonymous Symbol]
    vl53l1_platform_2dx4.o(.text.VL53L1_ReadMulti) refers to vl53l1_platform_2dx4.o(.text.writeRegisterIndex) for writeRegisterIndex
    vl53l1_platform_2dx4.o(.text.VL53L1_ReadMulti) refers to onboardleds.o(.text.FlashI2CRx) for FlashI2CRx
    vl53l1_platform_2dx4.o(.text.VL53L1_ReadMulti) refers to onboardleds.o(.text.FlashI2CError) for FlashI2CError
    vl53l1_platform_2dx4.o(.ARM.exidx.text.VL53L1_ReadMulti) refers to vl53l1_platform_2dx4.o(.text.VL53L1_ReadMulti) for [Anonymous Symbol]
    vl53l1_platform_2dx4.o(.text.VL53L1_WrByte) refers to vl53l1_platform_2dx4.o(.text.writeRegisterIndex_nostop) for writeRegisterIndex_nostop
    vl53l1_platform_2dx4.o(.text.VL53L1_WrByte) refers to onboardleds.o(.text.FlashI2CTx) for FlashI2CTx
    vl53l1_platform_2dx4.o(.text.VL53L1_WrByte) refers to onboardleds.o(.text.FlashI2CError) for FlashI2CError
    vl53l1_platform_2dx4.o(.ARM.exidx.text.VL53L1_WrByte) refers to vl53l1_platform_2dx4.o(.text.VL53L1_WrByte) for [Anonymous Symbol]
    vl53l1_platform_2dx4.o(.text.VL53L1_WrWord) refers to vl53l1_platform_2dx4.o(.text.writeRegisterIndex) for writeRegisterIndex
    vl53l1_platform_2dx4.o(.text.VL53L1_WrWord) refers to onboardleds.o(.text.FlashI2CTx) for FlashI2CTx
    vl53l1_platform_2dx4.o(.text.VL53L1_WrWord) refers to onboardleds.o(.text.FlashI2CError) for FlashI2CError
    vl53l1_platform_2dx4.o(.ARM.exidx.text.VL53L1_WrWord) refers to vl53l1_platform_2dx4.o(.text.VL53L1_WrWord) for [Anonymous Symbol]
    vl53l1_platform_2dx4.o(.text.VL53L1_WrDWord) refers to vl53l1_platform_2dx4.o(.text.writeRegisterIndex) for writeRegisterIndex
    vl53l1_platform_2dx4.o(.text.VL53L1_WrDWord) refers to vl53l1_platform_2dx4.o(.text.writeI2C) for writeI2C
    vl53l1_platform_2dx4.o(.ARM.exidx.text.VL53L1_WrDWord) refers to vl53l1_platform_2dx4.o(.text.VL53L1_WrDWord) for [Anonymous Symbol]
    vl53l1_platform_2dx4.o(.text.VL53L1_RdByte) refers to vl53l1_platform_2dx4.o(.text.writeRegisterIndex) for writeRegisterIndex
    vl53l1_platform_2dx4.o(.text.VL53L1_RdByte) refers to onboardleds.o(.text.FlashI2CRx) for FlashI2CRx
    vl53l1_platform_2dx4.o(.text.VL53L1_RdByte) refers to onboardleds.o(.text.FlashI2CError) for FlashI2CError
[...]
    libinit.o(.ARM.Collect$$libinit$$00000000) refers (Special) to libinit2.o(.ARM.Collect$$libinit$$00000034) for __rt_lib_init_cpp_1
    libinit.o(.ARM.Collect$$libinit$$00000000) refers (Special) to libinit2.o(.ARM.Collect$$libinit$$00000032) for __rt_lib_init_exceptions_1
    libinit.o(.ARM.Collect$$libinit$$00000000) refers (Special) to libinit2.o(.ARM.Collect$$libinit$$00000001) for __rt_lib_init_fp_1
    libinit.o(.ARM.Collect$$libinit$$00000000) refers (Special) to libinit2.o(.ARM.Collect$$libinit$$00000021) for __rt_lib_init_fp_trap_1
    libinit.o(.ARM.Collect$$libinit$$00000000) refers (Special) to libinit2.o(.ARM.Collect$$libinit$$00000025) for __rt_lib_init_getenv_1
    libinit.o(.ARM.Collect$$libinit$$00000000) refers (Special) to libinit2.o(.ARM.Collect$$libinit$$0000000C) for __rt_lib_init_heap_1
    libinit.o(.ARM.Collect$$libinit$$00000000) refers (Special) to libinit2.o(.ARM.Collect$$libinit$$00000013) for __rt_lib_init_lc_collate_1
    libinit.o(.ARM.Collect$$libinit$$00000000) refers (Special) to libinit2.o(.ARM.Collect$$libinit$$00000015) for __rt_lib_init_lc_ctype_1
    libinit.o(.ARM.Collect$$libinit$$00000000) refers (Special) to libinit2.o(.ARM.Collect$$libinit$$00000017) for __rt_lib_init_lc_monetary_1
    libinit.o(.ARM.Collect$$libinit$$00000000) refers (Special) to libinit2.o(.ARM.Collect$$libinit$$00000019) for __rt_lib_init_lc_numeric_1
    libinit.o(.ARM.Collect$$libinit$$00000000) refers (Special) to libinit2.o(.ARM.Collect$$libinit$$0000001B) for __rt_lib_init_lc_time_1
    libinit.o(.ARM.Collect$$libinit$$00000000) refers (Special) to libinit2.o(.ARM.Collect$$libinit$$00000006) for __rt_lib_init_preinit_1
    libinit.o(.ARM.Collect$$libinit$$00000000) refers (Special) to libinit2.o(.ARM.Collect$$libinit$$00000010) for __rt_lib_init_rand_1
    libinit.o(.ARM.Collect$$libinit$$00000000) refers (Special) to libinit2.o(.ARM.Collect$$libinit$$00000004) for __rt_lib_init_relocate_pie_1
    libinit.o(.ARM.Collect$$libinit$$00000000) refers (Special) to libinit2.o(.ARM.Collect$$libinit$$00000035) for __rt_lib_init_return
    libinit.o(.ARM.Collect$$libinit$$00000000) refers (Special) to libinit2.o(.ARM.Collect$$libinit$$0000001F) for __rt_lib_init_signal_1
    libinit.o(.ARM.Collect$$libinit$$00000000) refers (Special) to libinit2.o(.ARM.Collect$$libinit$$00000027) for __rt_lib_init_stdio_1
    libinit.o(.ARM.Collect$$libinit$$00000000) refers (Special) to libinit2.o(.ARM.Collect$$libinit$$0000000E) for __rt_lib_init_user_alloc_1
    libspace.o(.text) refers to libspace.o(.bss) for __libspace_start
    rtexit.o(.ARM.Collect$$rtexit$$00000000) refers (Special) to rtexit2.o(.ARM.Collect$$rtexit$$00000004) for __rt_exit_exit
    rtexit.o(.ARM.Collect$$rtexit$$00000000) refers (Special) to rtexit2.o(.ARM.Collect$$rtexit$$00000003) for __rt_exit_ls
    rtexit.o(.ARM.Collect$$rtexit$$00000000) refers (Special) to rtexit2.o(.ARM.Collect$$rtexit$$00000002) for __rt_exit_prels_1
    rtexit.o(.ARM.exidx) refers (Special) to rtexit2.o(.ARM.Collect$$rtexit$$00000004) for __rt_exit_exit
    rtexit.o(.ARM.exidx) refers (Special) to rtexit2.o(.ARM.Collect$$rtexit$$00000003) for __rt_exit_ls
    rtexit.o(.ARM.exidx) refers (Special) to rtexit2.o(.ARM.Collect$$rtexit$$00000002) for __rt_exit_prels_1
    rtexit.o(.ARM.exidx) refers to rtexit.o(.ARM.Collect$$rtexit$$00000000) for .ARM.Collect$$rtexit$$00000000
    libinit2.o(.ARM.Collect$$libinit$$00000001) refers to fpinit.o(x$fpl$fpinit) for _fp_init
    libinit2.o(.ARM.Collect$$libinit$$00000012) refers to libinit2.o(.ARM.Collect$$libinit$$00000011) for .ARM.Collect$$libinit$$00000011
    libinit2.o(.ARM.Collect$$libinit$$00000014) refers to libinit2.o(.ARM.Collect$$libinit$$00000011) for .ARM.Collect$$libinit$$00000011
    libinit2.o(.ARM.Collect$$libinit$$00000016) refers to libinit2.o(.ARM.Collect$$libinit$$00000011) for .ARM.Collect$$libinit$$00000011
    libinit2.o(.ARM.Collect$$libinit$$00000018) refers to libinit2.o(.ARM.Collect$$libinit$$00000011) for .ARM.Collect$$libinit$$00000011
    libinit2.o(.ARM.Collect$$libinit$$0000001A) refers to libinit2.o(.ARM.Collect$$libinit$$00000011) for .ARM.Collect$$libinit$$00000011
    libinit2.o(.ARM.Collect$$libinit$$00000028) refers to argv_veneer.o(.emb_text) for __ARM_argv_veneer
    libinit2.o(.ARM.Collect$$libinit$$00000029) refers to argv_veneer.o(.emb_text) for __ARM_argv_veneer
    rtexit2.o(.ARM.Collect$$rtexit$$00000003) refers to libshutdown.o(.ARM.Collect$$libshutdown$$00000000) for __rt_lib_shutdown
    rtexit2.o(.ARM.Collect$$rtexit$$00000004) refers to sys_exit.o(.text) for _sys_exit
    rtexit2.o(.ARM.exidx) refers to rtexit2.o(.ARM.Collect$$rtexit$$00000001) for .ARM.Collect$$rtexit$$00000001
    rtexit2.o(.ARM.exidx) refers to rtexit2.o(.ARM.Collect$$rtexit$$00000003) for .ARM.Collect$$rtexit$$00000003
    rtexit2.o(.ARM.exidx) refers to rtexit2.o(.ARM.Collect$$rtexit$$00000004) for .ARM.Collect$$rtexit$$00000004
    argv_veneer.o(.emb_text) refers to no_argv.o(.text) for __ARM_get_argv
    sys_exit.o(.text) refers (Special) to use_no_semi.o(.text) for __I$use$semihosting
    sys_exit.o(.text) refers (Special) to indicate_semi.o(.text) for __semihosting_library_function
    sys_exit_hlt.o(.text) refers (Special) to use_no_semi.o(.text) for __I$use$semihosting
    sys_exit_hlt.o(.text) refers (Special) to indicate_semi.o(.text) for __semihosting_library_function
    _get_argv_nomalloc.o(.text) refers (Special) to hrguard.o(.text) for __heap_region$guard
    _get_argv_nomalloc.o(.text) refers to defsig_rtmem_outer.o(.text) for __rt_SIGRTMEM
    _get_argv_nomalloc.o(.text) refers to sys_command.o(.text) for _sys_command_string
    libshutdown.o(.ARM.Collect$$libshutdown$$00000000) refers (Special) to libshutdown2.o(.ARM.Collect$$libshutdown$$00000002) for __rt_lib_shutdown_cpp_1
    libshutdown.o(.ARM.Collect$$libshutdown$$00000000) refers (Special) to libshutdown2.o(.ARM.Collect$$libshutdown$$00000007) for __rt_lib_shutdown_fp_trap_1
    libshutdown.o(.ARM.Collect$$libshutdown$$00000000) refers (Special) to libshutdown2.o(.ARM.Collect$$libshutdown$$0000000F) for __rt_lib_shutdown_heap_1
    libshutdown.o(.ARM.Collect$$libshutdown$$00000000) refers (Special) to libshutdown2.o(.ARM.Collect$$libshutdown$$00000010) for __rt_lib_shutdown_return
    libshutdown.o(.ARM.Collect$$libshutdown$$00000000) refers (Special) to libshutdown2.o(.ARM.Collect$$libshutdown$$0000000A) for __rt_lib_shutdown_signal_1
    libshutdown.o(.ARM.Collect$$libshutdown$$00000000) refers (Special) to libshutdown2.o(.ARM.Collect$$libshutdown$$00000004) for __rt_lib_shutdown_stdio_1
    libshutdown.o(.ARM.Collect$$libshutdown$$00000000) refers (Special) to libshutdown2.o(.ARM.Collect$$libshutdown$$0000000C) for __rt_lib_shutdown_user_alloc_1
    sys_command.o(.text) refers (Special) to use_no_semi.o(.text) for __I$use$semihosting
    sys_command.o(.text) refers (Special) to indicate_semi.o(.text) for __semihosting_library_function
    sys_command_hlt.o(.text) refers (Special) to use_no_semi.o(.text) for __I$use$semihosting
    sys_command_hlt.o(.text) refers (Special) to indicate_semi.o(.text) for __semihosting_library_function
    defsig_rtmem_outer.o(.text) refers to defsig_rtmem_inner.o(.text) for __rt_SIGRTMEM_inner
    defsig_rtmem_outer.o(.text) refers to defsig_exit.o(.text) for __sig_exit
    defsig_rtmem_formal.o(.text) refers to rt_raise.o(.text) for __rt_raise
    rt_raise.o(.text) refers to __raise.o(.text) for __raise
    rt_raise.o(.text) refers to sys_exit.o(.text) for _sys_exit
    defsig_exit.o(.text) refers to sys_exit.o(.text) for _sys_exit
    defsig_rtmem_inner.o(.text) refers to defsig_general.o(.text) for __default_signal_display
    __raise.o(.text) refers to defsig.o(CL$$defsig) for __default_signal_handler
    defsig_general.o(.text) refers to sys_wrch.o(.text) for _ttywrch
    sys_wrch.o(.text) refers (Special) to use_no_semi.o(.text) for __I$use$semihosting
    sys_wrch.o(.text) refers (Special) to indicate_semi.o(.text) for __semihosting_library_function
    sys_wrch_hlt.o(.text) refers (Special) to use_no_semi.o(.text) for __I$use$semihosting
    sys_wrch_hlt.o(.text) refers (Special) to indicate_semi.o(.text) for __semihosting_library_function
    defsig.o(CL$$defsig) refers to defsig_rtmem_inner.o(.text) for __rt_SIGRTMEM_inner
    defsig_abrt_inner.o(.text) refers to defsig_general.o(.text) for __default_signal_display
    defsig_fpe_inner.o(.text) refers to defsig_general.o(.text) for __default_signal_display
    defsig_rtred_inner.o(.text) refers to defsig_general.o(.text) for __default_signal_display
    defsig_stak_inner.o(.text) refers to defsig_general.o(.text) for __default_signal_display
    defsig_pvfn_inner.o(.text) refers to defsig_general.o(.text) for __default_signal_display
    defsig_cppl_inner.o(.text) refers to defsig_general.o(.text) for __default_signal_display
    defsig_segv_inner.o(.text) refers to defsig_general.o(.text) for __default_signal_display
    defsig_other.o(.text) refers to defsig_general.o(.text) for __default_signal_display


==============================================================================

Removing Unused input sections from the image.

    Removing pll.o(.text), (0 bytes).
    Removing pll.o(.ARM.exidx.text.PLL_Init), (8 bytes).
    Removing systick.o(.text), (0 bytes).
    Removing systick.o(.ARM.exidx.text.SysTick_Init), (8 bytes).
    Removing systick.o(.ARM.exidx.text.SysTick_Wait), (8 bytes).
    Removing systick.o(.ARM.exidx.text.SysTick_Wait10ms), (8 bytes).
    Removing vl53l1_platform_2dx4.o(.text), (0 bytes).
    Removing vl53l1_platform_2dx4.o(.text.beginTxI2C), (24 bytes).
    Removing vl53l1_platform_2dx4.o(.ARM.exidx.text.beginTxI2C), (8 bytes).
    Removing vl53l1_platform_2dx4.o(.text.beginRxI2C), (24 bytes).
    Removing vl53l1_platform_2dx4.o(.ARM.exidx.text.beginRxI2C), (8 bytes).
    Removing vl53l1_platform_2dx4.o(.ARM.exidx.text.writeRegisterIndex), (8 bytes).
    Removing vl53l1_platform_2dx4.o(.ARM.exidx.text.writeRegisterIndex_nostop), (8 bytes).
    Removing vl53l1_platform_2dx4.o(.text.writeI2C), (168 bytes).
    Removing vl53l1_platform_2dx4.o(.ARM.exidx.text.writeI2C), (8 bytes).
    Removing vl53l1_platform_2dx4.o(.text.readI2C), (60 bytes).
    Removing vl53l1_platform_2dx4.o(.ARM.exidx.text.readI2C), (8 bytes).
    Removing vl53l1_platform_2dx4.o(.text.VL53L1_WriteMulti), (44 bytes).
    Removing vl53l1_platform_2dx4.o(.ARM.exidx.text.VL53L1_WriteMulti), (8 bytes).
    Removing vl53l1_platform_2dx4.o(.text.VL53L1_ReadMulti), (118 bytes).
    Removing vl53l1_platform_2dx4.o(.ARM.exidx.text.VL53L1_ReadMulti), (8 bytes).
    Removing vl53l1_platform_2dx4.o(.ARM.exidx.text.VL53L1_WrByte), (8 bytes).
    Removing vl53l1_platform_2dx4.o(.text.VL53L1_WrWord), (118 bytes).
    Removing vl53l1_platform_2dx4.o(.ARM.exidx.text.VL53L1_WrWord), (8 bytes).
    Removing vl53l1_platform_2dx4.o(.text.VL53L1_WrDWord), (46 bytes).
    Removing vl53l1_platform_2dx4.o(.ARM.exidx.text.VL53L1_WrDWord), (8 bytes).
    Removing vl53l1_platform_2dx4.o(.ARM.exidx.text.VL53L1_RdByte), (8 bytes).
    Removing vl53l1_platform_2dx4.o(.ARM.exidx.text.VL53L1_RdWord), (8 bytes).
    Removing vl53l1_platform_2dx4.o(.text.VL53L1_RdDWord), (232 bytes).
    Removing vl53l1_platform_2dx4.o(.ARM.exidx.text.VL53L1_RdDWord), (8 bytes).
    Removing vl53l1_platform_2dx4.o(.ARM.exidx.text.VL53L1_WaitMs), (8 bytes).
    Removing vl53l1_platform_2dx4.o(.bss._I2CBuffer), (256 bytes).
    Removing vl53l1x_api.o(.text), (0 bytes).
    Removing vl53l1x_api.o(.text.VL53L1X_GetSWVersion), (18 bytes).
    Removing vl53l1x_api.o(.ARM.exidx.text.VL53L1X_GetSWVersion), (8 bytes).
    Removing vl53l1x_api.o(.text.VL53L1X_SetI2CAddress), (8 bytes).
    Removing vl53l1x_api.o(.ARM.exidx.text.VL53L1X_SetI2CAddress), (8 bytes).
    Removing vl53l1x_api.o(.ARM.exidx.text.VL53L1X_SensorInit), (8 bytes).
    Removing vl53l1x_api.o(.ARM.exidx.text.VL53L1X_ClearInterrupt), (8 bytes).
    Removing vl53l1x_api.o(.ARM.exidx.text.VL53L1X_StartRanging), (8 bytes).
    Removing vl53l1x_api.o(.ARM.exidx.text.VL53L1X_CheckForDataReady), (8 bytes).
    Removing vl53l1x_api.o(.ARM.exidx.text.VL53L1X_StopRanging), (8 bytes).
    Removing vl53l1x_api.o(.text.VL53L1X_SetInterruptPolarity), (56 bytes).
    Removing vl53l1x_api.o(.ARM.exidx.text.VL53L1X_SetInterruptPolarity), (8 bytes).
    Removing vl53l1x_api.o(.text.VL53L1X_GetInterruptPolarity), (36 bytes).
    Removing vl53l1x_api.o(.ARM.exidx.text.VL53L1X_GetInterruptPolarity), (8 bytes).
    Removing vl53l1x_api.o(.text.VL53L1X_SetTimingBudgetInMs), (260 bytes).
    Removing vl53l1x_api.o(.ARM.exidx.text.VL53L1X_SetTimingBudgetInMs), (8 bytes).
    Removing vl53l1x_api.o(.text.VL53L1X_GetDistanceMode), (40 bytes).
    Removing vl53l1x_api.o(.ARM.exidx.text.VL53L1X_GetDistanceMode), (8 bytes).
    Removing vl53l1x_api.o(.text.VL53L1X_GetTimingBudgetInMs), (158 bytes).
    Removing vl53l1x_api.o(.ARM.exidx.text.VL53L1X_GetTimingBudgetInMs), (8 bytes).
    Removing vl53l1x_api.o(.text.VL53L1X_SetDistanceMode), (312 bytes).
    Removing vl53l1x_api.o(.ARM.exidx.text.VL53L1X_SetDistanceMode), (8 bytes).
    Removing vl53l1x_api.o(.text.VL53L1X_SetInterMeasurementInMs), (80 bytes).
    Removing vl53l1x_api.o(.ARM.exidx.text.VL53L1X_SetInterMeasurementInMs), (8 bytes).
    Removing vl53l1x_api.o(.text.VL53L1X_GetInterMeasurementInMs), (112 bytes).
    Removing vl53l1x_api.o(.ARM.exidx.text.VL53L1X_GetInterMeasurementInMs), (8 bytes).
    Removing vl53l1x_api.o(.ARM.exidx.text.VL53L1X_BootState), (8 bytes).
    Removing vl53l1x_api.o(.ARM.exidx.text.VL53L1X_GetSensorId), (8 bytes).
    Removing vl53l1x_api.o(.ARM.exidx.text.VL53L1X_GetDistance), (8 bytes).
    Removing vl53l1x_api.o(.text.VL53L1X_GetSignalPerSpad), (112 bytes).
    Removing vl53l1x_api.o(.ARM.exidx.text.VL53L1X_GetSignalPerSpad), (8 bytes).
    Removing vl53l1x_api.o(.text.VL53L1X_GetAmbientPerSpad), (112 bytes).
    Removing vl53l1x_api.o(.ARM.exidx.text.VL53L1X_GetAmbientPerSpad), (8 bytes).
    Removing vl53l1x_api.o(.ARM.exidx.text.VL53L1X_GetSignalRate), (8 bytes).
    Removing vl53l1x_api.o(.ARM.exidx.text.VL53L1X_GetSpadNb), (8 bytes).
    Removing vl53l1x_api.o(.ARM.exidx.text.VL53L1X_GetAmbientRate), (8 bytes).
    Removing vl53l1x_api.o(.ARM.exidx.text.VL53L1X_GetRangeStatus), (8 bytes).
    Removing vl53l1x_api.o(.text.VL53L1X_GetResult), (96 bytes).
    Removing vl53l1x_api.o(.ARM.exidx.text.VL53L1X_GetResult), (8 bytes).
    Removing vl53l1x_api.o(.text.VL53L1X_SetOffset), (40 bytes).
    Removing vl53l1x_api.o(.ARM.exidx.text.VL53L1X_SetOffset), (8 bytes).
    Removing vl53l1x_api.o(.text.VL53L1X_GetOffset), (30 bytes).
    Removing vl53l1x_api.o(.ARM.exidx.text.VL53L1X_GetOffset), (8 bytes).
    Removing vl53l1x_api.o(.text.VL53L1X_SetXtalk), (52 bytes).
    Removing vl53l1x_api.o(.ARM.exidx.text.VL53L1X_SetXtalk), (8 bytes).
    Removing vl53l1x_api.o(.text.VL53L1X_GetXtalk), (34 bytes).
    Removing vl53l1x_api.o(.ARM.exidx.text.VL53L1X_GetXtalk), (8 bytes).
    Removing vl53l1x_api.o(.text.VL53L1X_SetDistanceThreshold), (100 bytes).
    Removing vl53l1x_api.o(.ARM.exidx.text.VL53L1X_SetDistanceThreshold), (8 bytes).
    Removing vl53l1x_api.o(.text.VL53L1X_GetDistanceThresholdWindow), (30 bytes).
    Removing vl53l1x_api.o(.ARM.exidx.text.VL53L1X_GetDistanceThresholdWindow), (8 bytes).
    Removing vl53l1x_api.o(.text.VL53L1X_GetDistanceThresholdLow), (26 bytes).
    Removing vl53l1x_api.o(.ARM.exidx.text.VL53L1X_GetDistanceThresholdLow), (8 bytes).
    Removing vl53l1x_api.o(.text.VL53L1X_GetDistanceThresholdHigh), (26 bytes).
    Removing vl53l1x_api.o(.ARM.exidx.text.VL53L1X_GetDistanceThresholdHigh), (8 bytes).
    Removing vl53l1x_api.o(.text.VL53L1X_SetROICenter), (8 bytes).
    Removing vl53l1x_api.o(.ARM.exidx.text.VL53L1X_SetROICenter), (8 bytes).
    Removing vl53l1x_api.o(.text.VL53L1X_GetROICenter), (26 bytes).
    Removing vl53l1x_api.o(.ARM.exidx.text.VL53L1X_GetROICenter), (8 bytes).
    Removing vl53l1x_api.o(.text.VL53L1X_SetROI), (90 bytes).
    Removing vl53l1x_api.o(.ARM.exidx.text.VL53L1X_SetROI), (8 bytes).
    Removing vl53l1x_api.o(.text.VL53L1X_GetROI_XY), (42 bytes).
    Removing vl53l1x_api.o(.ARM.exidx.text.VL53L1X_GetROI_XY), (8 bytes).
    Removing vl53l1x_api.o(.text.VL53L1X_SetSignalThreshold), (14 bytes).
    Removing vl53l1x_api.o(.ARM.exidx.text.VL53L1X_SetSignalThreshold), (8 bytes).
    Removing vl53l1x_api.o(.text.VL53L1X_GetSignalThreshold), (28 bytes).
    Removing vl53l1x_api.o(.ARM.exidx.text.VL53L1X_GetSignalThreshold), (8 bytes).
    Removing vl53l1x_api.o(.text.VL53L1X_SetSigmaThreshold), (22 bytes).
    Removing vl53l1x_api.o(.ARM.exidx.text.VL53L1X_SetSigmaThreshold), (8 bytes).
    Removing vl53l1x_api.o(.text.VL53L1X_GetSigmaThreshold), (28 bytes).
    Removing vl53l1x_api.o(.ARM.exidx.text.VL53L1X_GetSigmaThreshold), (8 bytes).
    Removing vl53l1x_api.o(.text.VL53L1X_StartTemperatureUpdate), (132 bytes).
    Removing vl53l1x_api.o(.ARM.exidx.text.VL53L1X_StartTemperatureUpdate), (8 bytes).
    Removing onboardleds.o(.text), (0 bytes).
    Removing onboardleds.o(.text.FlashLED1), (56 bytes).
    Removing onboardleds.o(.ARM.exidx.text.FlashLED1), (8 bytes).
    Removing onboardleds.o(.text.FlashLED2), (56 bytes).
    Removing onboardleds.o(.ARM.exidx.text.FlashLED2), (8 bytes).
    Removing onboardleds.o(.ARM.exidx.text.FlashLED3), (8 bytes).
    Removing onboardleds.o(.text.FlashLED4), (56 bytes).
    Removing onboardleds.o(.ARM.exidx.text.FlashLED4), (8 bytes).
    Removing onboardleds.o(.ARM.exidx.text.FlashAllLEDs), (8 bytes).
    Removing onboardleds.o(.ARM.exidx.text.FlashI2CTx), (8 bytes).
    Removing onboardleds.o(.ARM.exidx.text.FlashI2CRx), (8 bytes).
    Removing onboardleds.o(.ARM.exidx.text.FlashI2CError), (8 bytes).
    Removing onboardleds.o(.text.onboardLEDs_Init), (188 bytes).
    Removing onboardleds.o(.ARM.exidx.text.onboardLEDs_Init), (8 bytes).
    Removing uart.o(.text), (0 bytes).
    Removing uart.o(.ARM.exidx.text.UART_Init), (8 bytes).
    Removing uart.o(.text.UART_InChar), (20 bytes).
    Removing uart.o(.ARM.exidx.text.UART_InChar), (8 bytes).
    Removing uart.o(.text.UART_OutChar), (18 bytes).
    Removing uart.o(.ARM.exidx.text.UART_OutChar), (8 bytes).
    Removing uart.o(.ARM.exidx.text.UART_printf), (8 bytes).
    Removing uart.o(.ARM.exidx.text.Status_Check), (8 bytes).
    Removing 2dx_studio_8c.o(.text), (0 bytes).
    Removing 2dx_studio_8c.o(.text.I2C_Init), (108 bytes).
    Removing 2dx_studio_8c.o(.ARM.exidx.text.I2C_Init), (8 bytes).
    Removing 2dx_studio_8c.o(.text.PortN_Init), (42 bytes).
    Removing 2dx_studio_8c.o(.ARM.exidx.text.PortN_Init), (8 bytes).
    Removing 2dx_studio_8c.o(.text.PortG_Init), (72 bytes).
    Removing 2dx_studio_8c.o(.ARM.exidx.text.PortG_Init), (8 bytes).
    Removing 2dx_studio_8c.o(.text.PortH_Init), (74 bytes).
    Removing 2dx_studio_8c.o(.ARM.exidx.text.PortH_Init), (8 bytes).
    Removing 2dx_studio_8c.o(.text.PortL_Init), (42 bytes).
    Removing 2dx_studio_8c.o(.ARM.exidx.text.PortL_Init), (8 bytes).
    Removing 2dx_studio_8c.o(.text.PortM_Init), (42 bytes).
    Removing 2dx_studio_8c.o(.ARM.exidx.text.PortM_Init), (8 bytes).
    Removing 2dx_studio_8c.o(.text.PortE_Init), (42 bytes).
    Removing 2dx_studio_8c.o(.ARM.exidx.text.PortE_Init), (8 bytes).
    Removing 2dx_studio_8c.o(.text.PortF_Init), (42 bytes).
    Removing 2dx_studio_8c.o(.ARM.exidx.text.PortF_Init), (8 bytes).
    Removing 2dx_studio_8c.o(.text.EnableInt), (4 bytes).
    Removing 2dx_studio_8c.o(.ARM.exidx.text.EnableInt), (8 bytes).
    Removing 2dx_studio_8c.o(.text.DisableInt), (4 bytes).
    Removing 2dx_studio_8c.o(.ARM.exidx.text.DisableInt), (8 bytes).
    Removing 2dx_studio_8c.o(.text.WaitForInt), (4 bytes).
    Removing 2dx_studio_8c.o(.ARM.exidx.text.WaitForInt), (8 bytes).
    Removing 2dx_studio_8c.o(.text.PortJ_Init), (166 bytes).
    Removing 2dx_studio_8c.o(.ARM.exidx.text.PortJ_Init), (8 bytes).
    Removing 2dx_studio_8c.o(.text.PortJ_Interrupt_Init), (58 bytes).
    Removing 2dx_studio_8c.o(.ARM.exidx.text.PortJ_Interrupt_Init), (8 bytes).
    Removing 2dx_studio_8c.o(.ARM.exidx.text.GPIOJ_IRQHandler), (8 bytes).
    Removing 2dx_studio_8c.o(.text.VL53L1X_XSHUT), (46 bytes).
    Removing 2dx_studio_8c.o(.ARM.exidx.text.VL53L1X_XSHUT), (8 bytes).
    Removing 2dx_studio_8c.o(.text.CW), (74 bytes).
    Removing 2dx_studio_8c.o(.ARM.exidx.text.CW), (8 bytes).
    Removing 2dx_studio_8c.o(.text.CCW), (78 bytes).
    Removing 2dx_studio_8c.o(.ARM.exidx.text.CCW), (8 bytes).
    Removing 2dx_studio_8c.o(.text.LED_State), (166 bytes).
    Removing 2dx_studio_8c.o(.ARM.exidx.text.LED_State), (8 bytes).
    Removing 2dx_studio_8c.o(.ARM.exidx.text.main), (8 bytes).
    Removing 2dx_studio_8c.o(.ARM.use_no_argv), (4 bytes).
    Removing system_msp432e401y.o(.text), (0 bytes).
    Removing system_msp432e401y.o(.text.SystemCoreClockUpdate), (152 bytes).
    Removing system_msp432e401y.o(.ARM.exidx.text.SystemCoreClockUpdate), (8 bytes).
    Removing system_msp432e401y.o(.ARM.exidx.text.SystemInit), (8 bytes).

169 unused section(s) (total 5600 bytes) removed from the image.

==============================================================================

Image Symbol Table

    Local Symbols

    Symbol Name                              Value     Ov Type        Size  Object(Section)

    ../clib/angel/boardlib.s                 0x00000000   Number         0  boardinit1.o ABSOLUTE
    ../clib/angel/boardlib.s                 0x00000000   Number         0  boardinit2.o ABSOLUTE
    ../clib/angel/boardlib.s                 0x00000000   Number         0  boardinit3.o ABSOLUTE
    ../clib/angel/boardlib.s                 0x00000000   Number         0  boardshut.o ABSOLUTE
    ../clib/angel/handlers.s                 0x00000000   Number         0  __scatter_copy.o ABSOLUTE
    ../clib/angel/handlers.s                 0x00000000   Number         0  __scatter_zi.o ABSOLUTE
    ../clib/angel/kernel.s                   0x00000000   Number         0  __rtentry.o ABSOLUTE
    ../clib/angel/kernel.s                   0x00000000   Number         0  __rtentry2.o ABSOLUTE
    ../clib/angel/kernel.s                   0x00000000   Number         0  __rtentry4.o ABSOLUTE
    ../clib/angel/kernel.s                   0x00000000   Number         0  rtexit.o ABSOLUTE
    ../clib/angel/kernel.s                   0x00000000   Number         0  rtexit2.o ABSOLUTE
    ../clib/angel/rt.s                       0x00000000   Number         0  rt_raise.o ABSOLUTE
    ../clib/angel/scatter.s                  0x00000000   Number         0  __scatter.o ABSOLUTE
    ../clib/angel/startup.s                  0x00000000   Number         0  __main.o ABSOLUTE
    ../clib/angel/sys.s                      0x00000000   Number         0  sys_stackheap_outer.o ABSOLUTE
    ../clib/angel/sys.s                      0x00000000   Number         0  libspace.o ABSOLUTE
    ../clib/angel/sys.s                      0x00000000   Number         0  use_no_semi.o ABSOLUTE
    ../clib/angel/sys.s                      0x00000000   Number         0  indicate_semi.o ABSOLUTE
    ../clib/angel/sysapp.c                   0x00000000   Number         0  sys_exit.o ABSOLUTE
    ../clib/angel/sysapp.c                   0x00000000   Number         0  sys_exit_hlt.o ABSOLUTE
    ../clib/angel/sysapp.c                   0x00000000   Number         0  sys_command.o ABSOLUTE
    ../clib/angel/sysapp.c                   0x00000000   Number         0  sys_command_hlt.o ABSOLUTE
    ../clib/angel/sysapp.c                   0x00000000   Number         0  sys_wrch.o ABSOLUTE
    ../clib/angel/sysapp.c                   0x00000000   Number         0  sys_wrch_hlt.o ABSOLUTE
    ../clib/armsys.c                         0x00000000   Number         0  argv_veneer.o ABSOLUTE
    ../clib/armsys.c                         0x00000000   Number         0  argv_veneer.o ABSOLUTE
    ../clib/armsys.c                         0x00000000   Number         0  _get_argv_nomalloc.o ABSOLUTE
    ../clib/armsys.c                         0x00000000   Number         0  no_argv.o ABSOLUTE
    ../clib/heapalloc.c                      0x00000000   Number         0  hrguard.o ABSOLUTE
    ../clib/heapaux.c                        0x00000000   Number         0  heapauxi.o ABSOLUTE
    ../clib/libinit.s                        0x00000000   Number         0  libinit.o ABSOLUTE
    ../clib/libinit.s                        0x00000000   Number         0  libinit2.o ABSOLUTE
    ../clib/libinit.s                        0x00000000   Number         0  libshutdown.o ABSOLUTE
    ../clib/libinit.s                        0x00000000   Number         0  libshutdown2.o ABSOLUTE
    ../clib/printf.c                         0x00000000   Number         0  __2sprintf.o ABSOLUTE
    ../clib/printf.c                         0x00000000   Number         0  noretval__2sprintf.o ABSOLUTE
    ../clib/printf.c                         0x00000000   Number         0  __printf.o ABSOLUTE
    ../clib/printf.c                         0x00000000   Number         0  _printf_dec.o ABSOLUTE
    ../clib/printf.c                         0x00000000   Number         0  _printf_hex_ll.o ABSOLUTE
    ../clib/printf.c                         0x00000000   Number         0  _printf_hex_int.o ABSOLUTE
    ../clib/printf.c                         0x00000000   Number         0  _printf_hex_int_ll.o ABSOLUTE
    ../clib/printf.c                         0x00000000   Number         0  _printf_hex_ptr.o ABSOLUTE
    ../clib/printf.c                         0x00000000   Number         0  _printf_hex_int_ptr.o ABSOLUTE
    ../clib/printf.c                         0x00000000   Number         0  _printf_hex_ll_ptr.o ABSOLUTE
    ../clib/printf.c                         0x00000000   Number         0  _printf_hex_int_ll_ptr.o ABSOLUTE
    ../clib/printf.c                         0x00000000   Number         0  __printf_flags.o ABSOLUTE
    ../clib/printf.c                         0x00000000   Number         0  __printf_ss.o ABSOLUTE
    ../clib/printf.c                         0x00000000   Number         0  __printf_flags_ss.o ABSOLUTE
    ../clib/printf.c                         0x00000000   Number         0  __printf_wp.o ABSOLUTE
    ../clib/printf.c                         0x00000000   Number         0  __printf_flags_wp.o ABSOLUTE
    ../clib/printf.c                         0x00000000   Number         0  __printf_ss_wp.o ABSOLUTE
    ../clib/printf.c                         0x00000000   Number         0  __printf_flags_ss_wp.o ABSOLUTE
    ../clib/printf.c                         0x00000000   Number         0  _printf_intcommon.o ABSOLUTE
    ../clib/printf.c                         0x00000000   Number         0  _printf_char_common.o ABSOLUTE
    ../clib/printf.c                         0x00000000   Number         0  _sputc.o ABSOLUTE
    ../clib/printf.c                         0x00000000   Number         0  __printf_nopercent.o ABSOLUTE
    ../clib/printf_percent.s                 0x00000000   Number         0  _printf_x.o ABSOLUTE
    ../clib/printf_percent.s                 0x00000000   Number         0  _printf_d.o ABSOLUTE
    ../clib/printf_percent.s                 0x00000000   Number         0  _printf_u.o ABSOLUTE
    ../clib/printf_percent.s                 0x00000000   Number         0  _printf_percent.o ABSOLUTE
    ../clib/printf_percent.s                 0x00000000   Number         0  _printf_percent_end.o ABSOLUTE
    ../clib/signal.c                         0x00000000   Number         0  defsig_rtmem_outer.o ABSOLUTE
    ../clib/signal.c                         0x00000000   Number         0  defsig_rtmem_formal.o ABSOLUTE
    ../clib/signal.c                         0x00000000   Number         0  defsig_exit.o ABSOLUTE
    ../clib/signal.c                         0x00000000   Number         0  defsig_rtmem_inner.o ABSOLUTE
    ../clib/signal.c                         0x00000000   Number         0  __raise.o ABSOLUTE
    ../clib/signal.c                         0x00000000   Number         0  defsig_general.o ABSOLUTE
    ../clib/signal.c                         0x00000000   Number         0  defsig_abrt_inner.o ABSOLUTE
    ../clib/signal.c                         0x00000000   Number         0  defsig_fpe_inner.o ABSOLUTE
    ../clib/signal.c                         0x00000000   Number         0  defsig_rtred_inner.o ABSOLUTE
    ../clib/signal.c                         0x00000000   Number         0  defsig_stak_inner.o ABSOLUTE
    ../clib/signal.c                         0x00000000   Number         0  defsig_pvfn_inner.o ABSOLUTE
    ../clib/signal.c                         0x00000000   Number         0  defsig_cppl_inner.o ABSOLUTE
    ../clib/signal.c                         0x00000000   Number         0  defsig_segv_inner.o ABSOLUTE
    ../clib/signal.c                         0x00000000   Number         0  defsig_other.o ABSOLUTE
    ../clib/signal.s                         0x00000000   Number         0  defsig.o ABSOLUTE
    ../clib/stdlib.c                         0x00000000   Number         0  exit.o ABSOLUTE
    ../fplib/ddiv.s                          0x00000000   Number         0  ddiv.o ABSOLUTE
    ../fplib/dfix.s                          0x00000000   Number         0  dfix.o ABSOLUTE
    ../fplib/dfixu.s                         0x00000000   Number         0  dfixu.o ABSOLUTE
    ../fplib/dflt.s                          0x00000000   Number         0  dflt_clz.o ABSOLUTE
    ../fplib/dmul.s                          0x00000000   Number         0  dmul.o ABSOLUTE
    ../fplib/dnaninf.s                       0x00000000   Number         0  dnaninf.o ABSOLUTE
    ../fplib/dretinf.s                       0x00000000   Number         0  dretinf.o ABSOLUTE
    ../fplib/fpinit.s                        0x00000000   Number         0  fpinit.o ABSOLUTE
    ../fplib/usenofp.s                       0x00000000   Number         0  usenofp.o ABSOLUTE
    2dx_studio_8c.c                          0x00000000   Number         0  2dx_studio_8c.o ABSOLUTE
    PLL.c                                    0x00000000   Number         0  pll.o ABSOLUTE
    RTE/Device/MSP432E401Y/startup_msp432e401y_uvision.s 0x00000000   Number         0  startup_msp432e401y_uvision.o ABSOLUTE
    SysTick.c                                0x00000000   Number         0  systick.o ABSOLUTE
    VL53L1X_api.c                            0x00000000   Number         0  vl53l1x_api.o ABSOLUTE
    dc.s                                     0x00000000   Number         0  dc.o ABSOLUTE
    onboardLEDs.c                            0x00000000   Number         0  onboardleds.o ABSOLUTE
    system_msp432e401y.c                     0x00000000   Number         0  system_msp432e401y.o ABSOLUTE
    uart.c                                   0x00000000   Number         0  uart.o ABSOLUTE
    vl53l1_platform_2dx4.c                   0x00000000   Number         0  vl53l1_platform_2dx4.o ABSOLUTE
    RESET                                    0x00000000   Section      508  startup_msp432e401y_uvision.o(RESET)
    !!!main                                  0x000001fc   Section        8  __main.o(!!!main)
    !!!scatter                               0x00000204   Section       52  __scatter.o(!!!scatter)
    !!handler_copy                           0x00000238   Section       26  __scatter_copy.o(!!handler_copy)
    !!handler_zi                             0x00000254   Section       28  __scatter_zi.o(!!handler_zi)
    .ARM.Collect$$_printf_percent$$00000000  0x00000270   Section        0  _printf_percent.o(.ARM.Collect$$_printf_percent$$00000000)
    .ARM.Collect$$_printf_percent$$00000009  0x00000270   Section        6  _printf_d.o(.ARM.Collect$$_printf_percent$$00000009)
    .ARM.Collect$$_printf_percent$$0000000A  0x00000276   Section        6  _printf_u.o(.ARM.Collect$$_printf_percent$$0000000A)
    .ARM.Collect$$_printf_percent$$0000000C  0x0000027c   Section        6  _printf_x.o(.ARM.Collect$$_printf_percent$$0000000C)
    .ARM.Collect$$_printf_percent$$00000017  0x00000282   Section        4  _printf_percent_end.o(.ARM.Collect$$_printf_percent$$00000017)
    .ARM.Collect$$libinit$$00000000          0x00000286   Section        2  libinit.o(.ARM.Collect$$libinit$$00000000)
    .ARM.Collect$$libinit$$00000001          0x00000288   Section        4  libinit2.o(.ARM.Collect$$libinit$$00000001)
    .ARM.Collect$$libinit$$00000004          0x0000028c   Section        0  libinit2.o(.ARM.Collect$$libinit$$00000004)
    .ARM.Collect$$libinit$$00000006          0x0000028c   Section        0  libinit2.o(.ARM.Collect$$libinit$$00000006)
    .ARM.Collect$$libinit$$0000000C          0x0000028c   Section        0  libinit2.o(.ARM.Collect$$libinit$$0000000C)
    .ARM.Collect$$libinit$$0000000E          0x0000028c   Section        0  libinit2.o(.ARM.Collect$$libinit$$0000000E)
    .ARM.Collect$$libinit$$00000010          0x0000028c   Section        0  libinit2.o(.ARM.Collect$$libinit$$00000010)
    .ARM.Collect$$libinit$$00000013          0x0000028c   Section        0  libinit2.o(.ARM.Collect$$libinit$$00000013)
    .ARM.Collect$$libinit$$00000015          0x0000028c   Section        0  libinit2.o(.ARM.Collect$$libinit$$00000015)
    .ARM.Collect$$libinit$$00000017          0x0000028c   Section        0  libinit2.o(.ARM.Collect$$libinit$$00000017)
    .ARM.Collect$$libinit$$00000019          0x0000028c   Section        0  libinit2.o(.ARM.Collect$$libinit$$00000019)
    .ARM.Collect$$libinit$$0000001B          0x0000028c   Section        0  libinit2.o(.ARM.Collect$$libinit$$0000001B)
    .ARM.Collect$$libinit$$0000001D          0x0000028c   Section        0  libinit2.o(.ARM.Collect$$libinit$$0000001D)
    .ARM.Collect$$libinit$$0000001F          0x0000028c   Section        0  libinit2.o(.ARM.Collect$$libinit$$0000001F)
    .ARM.Collect$$libinit$$00000021          0x0000028c   Section        0  libinit2.o(.ARM.Collect$$libinit$$00000021)
    .ARM.Collect$$libinit$$00000023          0x0000028c   Section        0  libinit2.o(.ARM.Collect$$libinit$$00000023)
    .ARM.Collect$$libinit$$00000025          0x0000028c   Section        0  libinit2.o(.ARM.Collect$$libinit$$00000025)
    .ARM.Collect$$libinit$$00000027          0x0000028c   Section        0  libinit2.o(.ARM.Collect$$libinit$$00000027)
    .ARM.Collect$$libinit$$0000002E          0x0000028c   Section        0  libinit2.o(.ARM.Collect$$libinit$$0000002E)
    .ARM.Collect$$libinit$$00000030          0x0000028c   Section        0  libinit2.o(.ARM.Collect$$libinit$$00000030)
    .ARM.Collect$$libinit$$00000032          0x0000028c   Section        0  libinit2.o(.ARM.Collect$$libinit$$00000032)
    .ARM.Collect$$libinit$$00000034          0x0000028c   Section        0  libinit2.o(.ARM.Collect$$libinit$$00000034)
    .ARM.Collect$$libinit$$00000035          0x0000028c   Section        2  libinit2.o(.ARM.Collect$$libinit$$00000035)
    .ARM.Collect$$libshutdown$$00000000      0x0000028e   Section        2  libshutdown.o(.ARM.Collect$$libshutdown$$00000000)
    .ARM.Collect$$libshutdown$$00000002      0x00000290   Section        0  libshutdown2.o(.ARM.Collect$$libshutdown$$00000002)
    .ARM.Collect$$libshutdown$$00000004      0x00000290   Section        0  libshutdown2.o(.ARM.Collect$$libshutdown$$00000004)
    .ARM.Collect$$libshutdown$$00000007      0x00000290   Section        0  libshutdown2.o(.ARM.Collect$$libshutdown$$00000007)
    .ARM.Collect$$libshutdown$$0000000A      0x00000290   Section        0  libshutdown2.o(.ARM.Collect$$libshutdown$$0000000A)
    .ARM.Collect$$libshutdown$$0000000C      0x00000290   Section        0  libshutdown2.o(.ARM.Collect$$libshutdown$$0000000C)
    .ARM.Collect$$libshutdown$$0000000F      0x00000290   Section        0  libshutdown2.o(.ARM.Collect$$libshutdown$$0000000F)
    .ARM.Collect$$libshutdown$$00000010      0x00000290   Section        2  libshutdown2.o(.ARM.Collect$$libshutdown$$00000010)
    .ARM.Collect$$rtentry$$00000000          0x00000292   Section        0  __rtentry.o(.ARM.Collect$$rtentry$$00000000)
    .ARM.Collect$$rtentry$$00000002          0x00000292   Section        0  __rtentry2.o(.ARM.Collect$$rtentry$$00000002)
    .ARM.Collect$$rtentry$$00000004          0x00000292   Section        6  __rtentry4.o(.ARM.Collect$$rtentry$$00000004)
    .ARM.Collect$$rtentry$$00000009          0x00000298   Section        0  __rtentry2.o(.ARM.Collect$$rtentry$$00000009)
    .ARM.Collect$$rtentry$$0000000A          0x00000298   Section        4  __rtentry2.o(.ARM.Collect$$rtentry$$0000000A)
    .ARM.Collect$$rtentry$$0000000C          0x0000029c   Section        0  __rtentry2.o(.ARM.Collect$$rtentry$$0000000C)
    .ARM.Collect$$rtentry$$0000000D          0x0000029c   Section        8  __rtentry2.o(.ARM.Collect$$rtentry$$0000000D)
    .ARM.Collect$$rtexit$$00000000           0x000002a4   Section        2  rtexit.o(.ARM.Collect$$rtexit$$00000000)
    .ARM.Collect$$rtexit$$00000002           0x000002a6   Section        0  rtexit2.o(.ARM.Collect$$rtexit$$00000002)
    .ARM.Collect$$rtexit$$00000003           0x000002a6   Section        4  rtexit2.o(.ARM.Collect$$rtexit$$00000003)
    .ARM.Collect$$rtexit$$00000004           0x000002aa   Section        6  rtexit2.o(.ARM.Collect$$rtexit$$00000004)
    $v0                                      0x000002b0   Number         0  startup_msp432e401y_uvision.o(.text)
    .text                                    0x000002b0   Section       60  startup_msp432e401y_uvision.o(.text)
    .text                                    0x000002ec   Section        0  noretval__2sprintf.o(.text)
    .text                                    0x00000314   Section        0  __printf.o(.text)
    .text                                    0x0000037c   Section        0  _printf_dec.o(.text)
    .text                                    0x000003f4   Section        0  _printf_hex_int.o(.text)
    .text                                    0x0000044c   Section        0  heapauxi.o(.text)
    .text                                    0x00000452   Section        0  _printf_intcommon.o(.text)
    _printf_input_char                       0x00000505   Thumb Code    10  _printf_char_common.o(.text)
    .text                                    0x00000504   Section        0  _printf_char_common.o(.text)
    .text                                    0x00000534   Section        0  _sputc.o(.text)
    .text                                    0x0000053e   Section       74  sys_stackheap_outer.o(.text)
    .text                                    0x00000588   Section        0  exit.o(.text)
    .text                                    0x0000059c   Section        8  libspace.o(.text)
    .text                                    0x000005a4   Section        0  sys_exit.o(.text)
    .text                                    0x000005b0   Section        2  use_no_semi.o(.text)
    .text                                    0x000005b2   Section        0  indicate_semi.o(.text)
    [Anonymous Symbol]                       0x000005b4   Section        0  onboardleds.o(.text.FlashAllLEDs)
    [Anonymous Symbol]                       0x000005f8   Section        0  onboardleds.o(.text.FlashI2CError)
    [Anonymous Symbol]                       0x00000648   Section        0  onboardleds.o(.text.FlashI2CRx)
    [Anonymous Symbol]                       0x00000674   Section        0  onboardleds.o(.text.FlashI2CTx)
    [Anonymous Symbol]                       0x000006a0   Section        0  onboardleds.o(.text.FlashLED3)
    [Anonymous Symbol]                       0x000006d8   Section        0  2dx_studio_8c.o(.text.GPIOJ_IRQHandler)
    [Anonymous Symbol]                       0x000006f4   Section        0  pll.o(.text.PLL_Init)
    [Anonymous Symbol]                       0x000007d4   Section        0  uart.o(.text.Status_Check)
    [Anonymous Symbol]                       0x00000880   Section        0  systick.o(.text.SysTick_Init)
    [Anonymous Symbol]                       0x0000089c   Section        0  systick.o(.text.SysTick_Wait)
    [Anonymous Symbol]                       0x000008bc   Section        0  systick.o(.text.SysTick_Wait10ms)
    [Anonymous Symbol]                       0x000008f0   Section        0  system_msp432e401y.o(.text.SystemInit)
    [Anonymous Symbol]                       0x00000914   Section        0  uart.o(.text.UART_Init)
    [Anonymous Symbol]                       0x000009cc   Section        0  uart.o(.text.UART_printf)
    [Anonymous Symbol]                       0x000009fc   Section        0  vl53l1x_api.o(.text.VL53L1X_BootState)
    [Anonymous Symbol]                       0x00000a1c   Section        0  vl53l1x_api.o(.text.VL53L1X_CheckForDataReady)
    [Anonymous Symbol]                       0x00000a5c   Section        0  vl53l1x_api.o(.text.VL53L1X_ClearInterrupt)
    [Anonymous Symbol]                       0x00000a64   Section        0  vl53l1x_api.o(.text.VL53L1X_GetAmbientRate)
    [Anonymous Symbol]                       0x00000a80   Section        0  vl53l1x_api.o(.text.VL53L1X_GetDistance)
    [Anonymous Symbol]                       0x00000a9c   Section        0  vl53l1x_api.o(.text.VL53L1X_GetRangeStatus)
    [Anonymous Symbol]                       0x00000ad0   Section        0  vl53l1x_api.o(.text.VL53L1X_GetSensorId)
    [Anonymous Symbol]                       0x00000af4   Section        0  vl53l1x_api.o(.text.VL53L1X_GetSignalRate)
    [Anonymous Symbol]                       0x00000b10   Section        0  vl53l1x_api.o(.text.VL53L1X_GetSpadNb)
    [Anonymous Symbol]                       0x00000b2c   Section        0  vl53l1x_api.o(.text.VL53L1X_SensorInit)
    [Anonymous Symbol]                       0x00000c58   Section        0  vl53l1x_api.o(.text.VL53L1X_StartRanging)
    [Anonymous Symbol]                       0x00000c60   Section        0  vl53l1x_api.o(.text.VL53L1X_StopRanging)
    [Anonymous Symbol]                       0x00000c68   Section        0  vl53l1_platform_2dx4.o(.text.VL53L1_RdByte)
    [Anonymous Symbol]                       0x00000cbc   Section        0  vl53l1_platform_2dx4.o(.text.VL53L1_RdWord)
    [Anonymous Symbol]                       0x00000d4c   Section        0  vl53l1_platform_2dx4.o(.text.VL53L1_WaitMs)
    [Anonymous Symbol]                       0x00000d64   Section        0  vl53l1_platform_2dx4.o(.text.VL53L1_WrByte)
    [Anonymous Symbol]                       0x00000db4   Section        0  2dx_studio_8c.o(.text.main)
    [Anonymous Symbol]                       0x00001418   Section        0  vl53l1_platform_2dx4.o(.text.writeRegisterIndex)
    [Anonymous Symbol]                       0x00001470   Section        0  vl53l1_platform_2dx4.o(.text.writeRegisterIndex_nostop)
    $v0                                      0x000014c8   Number         0  fpinit.o(x$fpl$fpinit)
    x$fpl$fpinit                             0x000014c8   Section       26  fpinit.o(x$fpl$fpinit)
    uc_hextab                                0x000014e2   Data          20  _printf_hex_int.o(.constdata)
    .constdata                               0x000014e2   Section       40  _printf_hex_int.o(.constdata)
    lc_hextab                                0x000014f6   Data          20  _printf_hex_int.o(.constdata)
    status_rtn                               0x00001565   Data          24  vl53l1x_api.o(.rodata.status_rtn)
    [Anonymous Symbol]                       0x00001565   Section        0  vl53l1x_api.o(.rodata.status_rtn)
    .L.str.9                                 0x0000157d   Data          67  2dx_studio_8c.o(.rodata.str1.1)
    [Anonymous Symbol]                       0x0000157d   Section        0  2dx_studio_8c.o(.rodata.str1.1)
    .L.str.5                                 0x000015c0   Data          34  2dx_studio_8c.o(.rodata.str1.1)
    .L.str.4                                 0x000015e2   Data          24  2dx_studio_8c.o(.rodata.str1.1)
    .L.str.6                                 0x000015fa   Data          17  2dx_studio_8c.o(.rodata.str1.1)
    .L.str                                   0x0000160b   Data          26  2dx_studio_8c.o(.rodata.str1.1)
    .L.str.8                                 0x00001625   Data          13  2dx_studio_8c.o(.rodata.str1.1)
    .L.str.7                                 0x00001632   Data          11  2dx_studio_8c.o(.rodata.str1.1)
    .bss                                     0x20000008   Section       96  libspace.o(.bss)
    printf_buffer                            0x2000006c   Data        1023  uart.o(.bss.printf_buffer)
    [Anonymous Symbol]                       0x2000006c   Section        0  uart.o(.bss.printf_buffer)
    printf_buffer                            0x2000046b   Data        1023  2dx_studio_8c.o(.bss.printf_buffer)
    [Anonymous Symbol]                       0x2000046b   Section        0  2dx_studio_8c.o(.bss.printf_buffer)
    Heap_Mem                                 0x20000870   Data           0  startup_msp432e401y_uvision.o(HEAP)
    Stack_Mem                                0x20000870   Data         512  startup_msp432e401y_uvision.o(STACK)
    HEAP                                     0x20000870   Section        0  startup_msp432e401y_uvision.o(HEAP)
    STACK                                    0x20000870   Section      512  startup_msp432e401y_uvision.o(STACK)
    __initial_sp                             0x20000a70   Data           0  startup_msp432e401y_uvision.o(STACK)

    Global Symbols

    Symbol Name                              Value     Ov Type        Size  Object(Section)

    BuildAttributes$$THM_ISAv4$E$P$D$K$B$S$7EM$VFPi3$EXTD16$VFPS$VFMA$PE$A:L22UL41UL21$X:L11$S22US41US21$IEEE1$IW$~IW$USESV6$~STKCKD$USESV7$~SHL$OTIME$ROPI$EBA8$UX$STANDARDLIB$REQ8$PRES8$EABIv2 0x00000000   Number         0  anon$$obj.o ABSOLUTE
    __Vectors                                0x00000000   Data           4  startup_msp432e401y_uvision.o(RESET)
    __ARM_exceptions_init                     - Undefined Weak Reference
    __alloca_initialize                       - Undefined Weak Reference
    __arm_preinit_                            - Undefined Weak Reference
    __arm_relocate_pie_                       - Undefined Weak Reference
    __cpp_initialize__aeabi_                  - Undefined Weak Reference
    __cxa_finalize                            - Undefined Weak Reference
    __rt_locale                               - Undefined Weak Reference
    __sigvec_lookup                           - Undefined Weak Reference
    _atexit_init                              - Undefined Weak Reference
    _call_atexit_fns                          - Undefined Weak Reference
    _clock_init                               - Undefined Weak Reference
    _fp_trap_init                             - Undefined Weak Reference
    _fp_trap_shutdown                         - Undefined Weak Reference
    _get_lc_collate                           - Undefined Weak Reference
    _get_lc_ctype                             - Undefined Weak Reference
    _get_lc_monetary                          - Undefined Weak Reference
    _get_lc_numeric                           - Undefined Weak Reference
    _get_lc_time                              - Undefined Weak Reference
    _getenv_init                              - Undefined Weak Reference
    _handle_redirection                       - Undefined Weak Reference
    _init_alloc                               - Undefined Weak Reference
    _init_user_alloc                          - Undefined Weak Reference
    _initio                                   - Undefined Weak Reference
    _printf_post_padding                      - Undefined Weak Reference
    _printf_pre_padding                       - Undefined Weak Reference
    _printf_truncate_signed                   - Undefined Weak Reference
    _printf_truncate_unsigned                 - Undefined Weak Reference
    _rand_init                                - Undefined Weak Reference
    _signal_finish                            - Undefined Weak Reference
    _signal_init                              - Undefined Weak Reference
    _terminate_alloc                          - Undefined Weak Reference
    _terminate_user_alloc                     - Undefined Weak Reference
    _terminateio                              - Undefined Weak Reference
    __Vectors_End                            0x000001fc   Data           0  startup_msp432e401y_uvision.o(RESET)
    __Vectors_Size                           0x000001fc   Number         0  startup_msp432e401y_uvision.o ABSOLUTE
    __main                                   0x000001fd   Thumb Code     8  __main.o(!!!main)
    __scatterload                            0x00000205   Thumb Code     0  __scatter.o(!!!scatter)
    __scatterload_rt2                        0x00000205   Thumb Code    44  __scatter.o(!!!scatter)
    __scatterload_rt2_thumb_only             0x00000205   Thumb Code     0  __scatter.o(!!!scatter)
    __scatterload_null                       0x00000213   Thumb Code     0  __scatter.o(!!!scatter)
    __scatterload_copy                       0x00000239   Thumb Code    26  __scatter_copy.o(!!handler_copy)
    __scatterload_zeroinit                   0x00000255   Thumb Code    28  __scatter_zi.o(!!handler_zi)
    _printf_d                                0x00000271   Thumb Code     0  _printf_d.o(.ARM.Collect$$_printf_percent$$00000009)
    _printf_percent                          0x00000271   Thumb Code     0  _printf_percent.o(.ARM.Collect$$_printf_percent$$00000000)
    _printf_u                                0x00000277   Thumb Code     0  _printf_u.o(.ARM.Collect$$_printf_percent$$0000000A)
    _printf_x                                0x0000027d   Thumb Code     0  _printf_x.o(.ARM.Collect$$_printf_percent$$0000000C)
    _printf_percent_end                      0x00000283   Thumb Code     0  _printf_percent_end.o(.ARM.Collect$$_printf_percent$$00000017)
    __rt_lib_init                            0x00000287   Thumb Code     0  libinit.o(.ARM.Collect$$libinit$$00000000)
    __rt_lib_init_fp_1                       0x00000289   Thumb Code     0  libinit2.o(.ARM.Collect$$libinit$$00000001)
    __rt_lib_init_alloca_1                   0x0000028d   Thumb Code     0  libinit2.o(.ARM.Collect$$libinit$$00000030)
    __rt_lib_init_argv_1                     0x0000028d   Thumb Code     0  libinit2.o(.ARM.Collect$$libinit$$0000002E)
    __rt_lib_init_atexit_1                   0x0000028d   Thumb Code     0  libinit2.o(.ARM.Collect$$libinit$$0000001D)
    __rt_lib_init_clock_1                    0x0000028d   Thumb Code     0  libinit2.o(.ARM.Collect$$libinit$$00000023)
    __rt_lib_init_cpp_1                      0x0000028d   Thumb Code     0  libinit2.o(.ARM.Collect$$libinit$$00000034)
    __rt_lib_init_exceptions_1               0x0000028d   Thumb Code     0  libinit2.o(.ARM.Collect$$libinit$$00000032)
    __rt_lib_init_fp_trap_1                  0x0000028d   Thumb Code     0  libinit2.o(.ARM.Collect$$libinit$$00000021)
    __rt_lib_init_getenv_1                   0x0000028d   Thumb Code     0  libinit2.o(.ARM.Collect$$libinit$$00000025)
    __rt_lib_init_heap_1                     0x0000028d   Thumb Code     0  libinit2.o(.ARM.Collect$$libinit$$0000000C)
    __rt_lib_init_lc_collate_1               0x0000028d   Thumb Code     0  libinit2.o(.ARM.Collect$$libinit$$00000013)
    __rt_lib_init_lc_ctype_1                 0x0000028d   Thumb Code     0  libinit2.o(.ARM.Collect$$libinit$$00000015)
    __rt_lib_init_lc_monetary_1              0x0000028d   Thumb Code     0  libinit2.o(.ARM.Collect$$libinit$$00000017)
    __rt_lib_init_lc_numeric_1               0x0000028d   Thumb Code     0  libinit2.o(.ARM.Collect$$libinit$$00000019)
    __rt_lib_init_lc_time_1                  0x0000028d   Thumb Code     0  libinit2.o(.ARM.Collect$$libinit$$0000001B)
    __rt_lib_init_preinit_1                  0x0000028d   Thumb Code     0  libinit2.o(.ARM.Collect$$libinit$$00000006)
    __rt_lib_init_rand_1                     0x0000028d   Thumb Code     0  libinit2.o(.ARM.Collect$$libinit$$00000010)
    __rt_lib_init_relocate_pie_1             0x0000028d   Thumb Code     0  libinit2.o(.ARM.Collect$$libinit$$00000004)
    __rt_lib_init_return                     0x0000028d   Thumb Code     0  libinit2.o(.ARM.Collect$$libinit$$00000035)
    __rt_lib_init_signal_1                   0x0000028d   Thumb Code     0  libinit2.o(.ARM.Collect$$libinit$$0000001F)
    __rt_lib_init_stdio_1                    0x0000028d   Thumb Code     0  libinit2.o(.ARM.Collect$$libinit$$00000027)
    __rt_lib_init_user_alloc_1               0x0000028d   Thumb Code     0  libinit2.o(.ARM.Collect$$libinit$$0000000E)
    __rt_lib_shutdown                        0x0000028f   Thumb Code     0  libshutdown.o(.ARM.Collect$$libshutdown$$00000000)
    __rt_lib_shutdown_cpp_1                  0x00000291   Thumb Code     0  libshutdown2.o(.ARM.Collect$$libshutdown$$00000002)
    __rt_lib_shutdown_fp_trap_1              0x00000291   Thumb Code     0  libshutdown2.o(.ARM.Collect$$libshutdown$$00000007)
    __rt_lib_shutdown_heap_1                 0x00000291   Thumb Code     0  libshutdown2.o(.ARM.Collect$$libshutdown$$0000000F)
    __rt_lib_shutdown_return                 0x00000291   Thumb Code     0  libshutdown2.o(.ARM.Collect$$libshutdown$$00000010)
    __rt_lib_shutdown_signal_1               0x00000291   Thumb Code     0  libshutdown2.o(.ARM.Collect$$libshutdown$$0000000A)
    __rt_lib_shutdown_stdio_1                0x00000291   Thumb Code     0  libshutdown2.o(.ARM.Collect$$libshutdown$$00000004)
    __rt_lib_shutdown_user_alloc_1           0x00000291   Thumb Code     0  libshutdown2.o(.ARM.Collect$$libshutdown$$0000000C)
    __rt_entry                               0x00000293   Thumb Code     0  __rtentry.o(.ARM.Collect$$rtentry$$00000000)
    __rt_entry_presh_1                       0x00000293   Thumb Code     0  __rtentry2.o(.ARM.Collect$$rtentry$$00000002)
    __rt_entry_sh                            0x00000293   Thumb Code     0  __rtentry4.o(.ARM.Collect$$rtentry$$00000004)
    __rt_entry_li                            0x00000299   Thumb Code     0  __rtentry2.o(.ARM.Collect$$rtentry$$0000000A)
    __rt_entry_postsh_1                      0x00000299   Thumb Code     0  __rtentry2.o(.ARM.Collect$$rtentry$$00000009)
    __rt_entry_main                          0x0000029d   Thumb Code     0  __rtentry2.o(.ARM.Collect$$rtentry$$0000000D)
    __rt_entry_postli_1                      0x0000029d   Thumb Code     0  __rtentry2.o(.ARM.Collect$$rtentry$$0000000C)
    __rt_exit                                0x000002a5   Thumb Code     0  rtexit.o(.ARM.Collect$$rtexit$$00000000)
    __rt_exit_ls                             0x000002a7   Thumb Code     0  rtexit2.o(.ARM.Collect$$rtexit$$00000003)
    __rt_exit_prels_1                        0x000002a7   Thumb Code     0  rtexit2.o(.ARM.Collect$$rtexit$$00000002)
    __rt_exit_exit                           0x000002ab   Thumb Code     0  rtexit2.o(.ARM.Collect$$rtexit$$00000004)
    Reset_Handler                            0x000002b1   Thumb Code     8  startup_msp432e401y_uvision.o(.text)
    NMI_Handler                              0x000002b9   Thumb Code     2  startup_msp432e401y_uvision.o(.text)
    HardFault_Handler                        0x000002bb   Thumb Code     2  startup_msp432e401y_uvision.o(.text)
    MemManage_Handler                        0x000002bd   Thumb Code     2  startup_msp432e401y_uvision.o(.text)
    BusFault_Handler                         0x000002bf   Thumb Code     2  startup_msp432e401y_uvision.o(.text)
    UsageFault_Handler                       0x000002c1   Thumb Code     2  startup_msp432e401y_uvision.o(.text)
    SVC_Handler                              0x000002c3   Thumb Code     2  startup_msp432e401y_uvision.o(.text)
    DebugMon_Handler                         0x000002c5   Thumb Code     2  startup_msp432e401y_uvision.o(.text)
    PendSV_Handler                           0x000002c7   Thumb Code     2  startup_msp432e401y_uvision.o(.text)
    SysTick_Handler                          0x000002c9   Thumb Code     2  startup_msp432e401y_uvision.o(.text)
    ADC0SS0_IRQHandler                       0x000002cb   Thumb Code     0  startup_msp432e401y_uvision.o(.text)
    ADC0SS1_IRQHandler                       0x000002cb   Thumb Code     0  startup_msp432e401y_uvision.o(.text)
    ADC0SS2_IRQHandler                       0x000002cb   Thumb Code     0  startup_msp432e401y_uvision.o(.text)
    ADC0SS3_IRQHandler                       0x000002cb   Thumb Code     0  startup_msp432e401y_uvision.o(.text)
    ADC1SS0_IRQHandler                       0x000002cb   Thumb Code     0  startup_msp432e401y_uvision.o(.text)
    ADC1SS1_IRQHandler                       0x000002cb   Thumb Code     0  startup_msp432e401y_uvision.o(.text)
    ADC1SS2_IRQHandler                       0x000002cb   Thumb Code     0  startup_msp432e401y_uvision.o(.text)
    ADC1SS3_IRQHandler                       0x000002cb   Thumb Code     0  startup_msp432e401y_uvision.o(.text)
    AES0_IRQHandler                          0x000002cb   Thumb Code     0  startup_msp432e401y_uvision.o(.text)
    CAN0_IRQHandler                          0x000002cb   Thumb Code     0  startup_msp432e401y_uvision.o(.text)
    CAN1_IRQHandler                          0x000002cb   Thumb Code     0  startup_msp432e401y_uvision.o(.text)
    COMP0_IRQHandler                         0x000002cb   Thumb Code     0  startup_msp432e401y_uvision.o(.text)
    COMP1_IRQHandler                         0x000002cb   Thumb Code     0  startup_msp432e401y_uvision.o(.text)
    COMP2_IRQHandler                         0x000002cb   Thumb Code     0  startup_msp432e401y_uvision.o(.text)
    DES0_IRQHandler                          0x000002cb   Thumb Code     0  startup_msp432e401y_uvision.o(.text)
    EMAC0_IRQHandler                         0x000002cb   Thumb Code     0  startup_msp432e401y_uvision.o(.text)
    EPI0_IRQHandler                          0x000002cb   Thumb Code     0  startup_msp432e401y_uvision.o(.text)
    FLASH_IRQHandler                         0x000002cb   Thumb Code     0  startup_msp432e401y_uvision.o(.text)
    GPIOA_IRQHandler                         0x000002cb   Thumb Code     0  startup_msp432e401y_uvision.o(.text)
    GPIOB_IRQHandler                         0x000002cb   Thumb Code     0  startup_msp432e401y_uvision.o(.text)
    GPIOC_IRQHandler                         0x000002cb   Thumb Code     0  startup_msp432e401y_uvision.o(.text)
    GPIOD_IRQHandler                         0x000002cb   Thumb Code     0  startup_msp432e401y_uvision.o(.text)
    GPIOE_IRQHandler                         0x000002cb   Thumb Code     0  startup_msp432e401y_uvision.o(.text)
    GPIOF_IRQHandler                         0x000002cb   Thumb Code     0  startup_msp432e401y_uvision.o(.text)
    GPIOG_IRQHandler                         0x000002cb   Thumb Code     0  startup_msp432e401y_uvision.o(.text)
    GPIOH_IRQHandler                         0x000002cb   Thumb Code     0  startup_msp432e401y_uvision.o(.text)
    GPIOK_IRQHandler                         0x000002cb   Thumb Code     0  startup_msp432e401y_uvision.o(.text)
    GPIOL_IRQHandler                         0x000002cb   Thumb Code     0  startup_msp432e401y_uvision.o(.text)
    GPIOM_IRQHandler                         0x000002cb   Thumb Code     0  startup_msp432e401y_uvision.o(.text)
    GPION_IRQHandler                         0x000002cb   Thumb Code     0  startup_msp432e401y_uvision.o(.text)
    GPIOP0_IRQHandler                        0x000002cb   Thumb Code     0  startup_msp432e401y_uvision.o(.text)
    GPIOP1_IRQHandler                        0x000002cb   Thumb Code     0  startup_msp432e401y_uvision.o(.text)
    GPIOP2_IRQHandler                        0x000002cb   Thumb Code     0  startup_msp432e401y_uvision.o(.text)
    GPIOP3_IRQHandler                        0x000002cb   Thumb Code     0  startup_msp432e401y_uvision.o(.text)
    GPIOP4_IRQHandler                        0x000002cb   Thumb Code     0  startup_msp432e401y_uvision.o(.text)
    GPIOP5_IRQHandler                        0x000002cb   Thumb Code     0  startup_msp432e401y_uvision.o(.text)
    GPIOP6_IRQHandler                        0x000002cb   Thumb Code     0  startup_msp432e401y_uvision.o(.text)
    GPIOP7_IRQHandler                        0x000002cb   Thumb Code     0  startup_msp432e401y_uvision.o(.text)
    GPIOQ0_IRQHandler                        0x000002cb   Thumb Code     0  startup_msp432e401y_uvision.o(.text)
    GPIOQ1_IRQHandler                        0x000002cb   Thumb Code     0  startup_msp432e401y_uvision.o(.text)
    GPIOQ2_IRQHandler                        0x000002cb   Thumb Code     0  startup_msp432e401y_uvision.o(.text)
    GPIOQ3_IRQHandler                        0x000002cb   Thumb Code     0  startup_msp432e401y_uvision.o(.text)
    GPIOQ4_IRQHandler                        0x000002cb   Thumb Code     0  startup_msp432e401y_uvision.o(.text)
    GPIOQ5_IRQHandler                        0x000002cb   Thumb Code     0  startup_msp432e401y_uvision.o(.text)
    GPIOQ6_IRQHandler                        0x000002cb   Thumb Code     0  startup_msp432e401y_uvision.o(.text)
    GPIOQ7_IRQHandler                        0x000002cb   Thumb Code     0  startup_msp432e401y_uvision.o(.text)
    HIBERNATE_IRQHandler                     0x000002cb   Thumb Code     0  startup_msp432e401y_uvision.o(.text)
    I2C0_IRQHandler                          0x000002cb   Thumb Code     0  startup_msp432e401y_uvision.o(.text)
    I2C1_IRQHandler                          0x000002cb   Thumb Code     0  startup_msp432e401y_uvision.o(.text)
    I2C2_IRQHandler                          0x000002cb   Thumb Code     0  startup_msp432e401y_uvision.o(.text)
    I2C3_IRQHandler                          0x000002cb   Thumb Code     0  startup_msp432e401y_uvision.o(.text)
    I2C4_IRQHandler                          0x000002cb   Thumb Code     0  startup_msp432e401y_uvision.o(.text)
    I2C5_IRQHandler                          0x000002cb   Thumb Code     0  startup_msp432e401y_uvision.o(.text)
    I2C6_IRQHandler                          0x000002cb   Thumb Code     0  startup_msp432e401y_uvision.o(.text)
    I2C7_IRQHandler                          0x000002cb   Thumb Code     0  startup_msp432e401y_uvision.o(.text)
    I2C8_IRQHandler                          0x000002cb   Thumb Code     0  startup_msp432e401y_uvision.o(.text)
    I2C9_IRQHandler                          0x000002cb   Thumb Code     0  startup_msp432e401y_uvision.o(.text)
    PWM0_0_IRQHandler                        0x000002cb   Thumb Code     0  startup_msp432e401y_uvision.o(.text)
    PWM0_1_IRQHandler                        0x000002cb   Thumb Code     0  startup_msp432e401y_uvision.o(.text)
    PWM0_2_IRQHandler                        0x000002cb   Thumb Code     0  startup_msp432e401y_uvision.o(.text)
    PWM0_3_IRQHandler                        0x000002cb   Thumb Code     0  startup_msp432e401y_uvision.o(.text)
    PWM0_FAULT_IRQHandler                    0x000002cb   Thumb Code     0  startup_msp432e401y_uvision.o(.text)
    QEI0_IRQHandler                          0x000002cb   Thumb Code     0  startup_msp432e401y_uvision.o(.text)
    SHA0_IRQHandler                          0x000002cb   Thumb Code     0  startup_msp432e401y_uvision.o(.text)
    SSI0_IRQHandler                          0x000002cb   Thumb Code     0  startup_msp432e401y_uvision.o(.text)
    SSI1_IRQHandler                          0x000002cb   Thumb Code     0  startup_msp432e401y_uvision.o(.text)
    SSI2_IRQHandler                          0x000002cb   Thumb Code     0  startup_msp432e401y_uvision.o(.text)
    SSI3_IRQHandler                          0x000002cb   Thumb Code     0  startup_msp432e401y_uvision.o(.text)
    SYSCTL_IRQHandler                        0x000002cb   Thumb Code     0  startup_msp432e401y_uvision.o(.text)
    SYSEXC_IRQHandler                        0x000002cb   Thumb Code     0  startup_msp432e401y_uvision.o(.text)
    TAMPER0_IRQHandler                       0x000002cb   Thumb Code     0  startup_msp432e401y_uvision.o(.text)
    TIMER0A_IRQHandler                       0x000002cb   Thumb Code     0  startup_msp432e401y_uvision.o(.text)
    TIMER0B_IRQHandler                       0x000002cb   Thumb Code     0  startup_msp432e401y_uvision.o(.text)
    TIMER1A_IRQHandler                       0x000002cb   Thumb Code     0  startup_msp432e401y_uvision.o(.text)
    TIMER1B_IRQHandler                       0x000002cb   Thumb Code     0  startup_msp432e401y_uvision.o(.text)
    TIMER2A_IRQHandler                       0x000002cb   Thumb Code     0  startup_msp432e401y_uvision.o(.text)
    TIMER2B_IRQHandler                       0x000002cb   Thumb Code     0  startup_msp432e401y_uvision.o(.text)
    TIMER3A_IRQHandler                       0x000002cb   Thumb Code     0  startup_msp432e401y_uvision.o(.text)
    TIMER3B_IRQHandler                       0x000002cb   Thumb Code     0  startup_msp432e401y_uvision.o(.text)
    TIMER4A_IRQHandler                       0x000002cb   Thumb Code     0  startup_msp432e401y_uvision.o(.text)
    TIMER4B_IRQHandler                       0x000002cb   Thumb Code     0  startup_msp432e401y_uvision.o(.text)
    TIMER5A_IRQHandler                       0x000002cb   Thumb Code     0  startup_msp432e401y_uvision.o(.text)
    TIMER5B_IRQHandler                       0x000002cb   Thumb Code     0  startup_msp432e401y_uvision.o(.text)
    TIMER6A_IRQHandler                       0x000002cb   Thumb Code     0  startup_msp432e401y_uvision.o(.text)
    TIMER6B_IRQHandler                       0x000002cb   Thumb Code     0  startup_msp432e401y_uvision.o(.text)
    TIMER7A_IRQHandler                       0x000002cb   Thumb Code     0  startup_msp432e401y_uvision.o(.text)
    TIMER7B_IRQHandler                       0x000002cb   Thumb Code     0  startup_msp432e401y_uvision.o(.text)
    UART0_IRQHandler                         0x000002cb   Thumb Code     0  startup_msp432e401y_uvision.o(.text)
    UART1_IRQHandler                         0x000002cb   Thumb Code     0  startup_msp432e401y_uvision.o(.text)
    UART2_IRQHandler                         0x000002cb   Thumb Code     0  startup_msp432e401y_uvision.o(.text)
    UART3_IRQHandler                         0x000002cb   Thumb Code     0  startup_msp432e401y_uvision.o(.text)
    UART4_IRQHandler                         0x000002cb   Thumb Code     0  startup_msp432e401y_uvision.o(.text)
    UART5_IRQHandler                         0x000002cb   Thumb Code     0  startup_msp432e401y_uvision.o(.text)
    UART6_IRQHandler                         0x000002cb   Thumb Code     0  startup_msp432e401y_uvision.o(.text)
    UART7_IRQHandler                         0x000002cb   Thumb Code     0  startup_msp432e401y_uvision.o(.text)
    UDMAERR_IRQHandler                       0x000002cb   Thumb Code     0  startup_msp432e401y_uvision.o(.text)
    UDMA_IRQHandler                          0x000002cb   Thumb Code     0  startup_msp432e401y_uvision.o(.text)
    USB0_IRQHandler                          0x000002cb   Thumb Code     0  startup_msp432e401y_uvision.o(.text)
    WATCHDOG_IRQHandler                      0x000002cb   Thumb Code     0  startup_msp432e401y_uvision.o(.text)
    __user_initial_stackheap                 0x000002cd   Thumb Code    10  startup_msp432e401y_uvision.o(.text)
    __2sprintf                               0x000002ed   Thumb Code    34  noretval__2sprintf.o(.text)
    __printf                                 0x00000315   Thumb Code   104  __printf.o(.text)
    _printf_int_dec                          0x0000037d   Thumb Code   104  _printf_dec.o(.text)
    _printf_int_hex                          0x000003f5   Thumb Code    84  _printf_hex_int.o(.text)
    _printf_longlong_hex                     0x000003f5   Thumb Code     0  _printf_hex_int.o(.text)
    __use_two_region_memory                  0x0000044d   Thumb Code     2  heapauxi.o(.text)
    __rt_heap_escrow$2region                 0x0000044f   Thumb Code     2  heapauxi.o(.text)
    __rt_heap_expand$2region                 0x00000451   Thumb Code     2  heapauxi.o(.text)
    _printf_int_common                       0x00000453   Thumb Code   178  _printf_intcommon.o(.text)
    _printf_char_common                      0x0000050f   Thumb Code    32  _printf_char_common.o(.text)
    _sputc                                   0x00000535   Thumb Code    10  _sputc.o(.text)
    __user_setup_stackheap                   0x0000053f   Thumb Code    74  sys_stackheap_outer.o(.text)
    exit                                     0x00000589   Thumb Code    18  exit.o(.text)
    __user_libspace                          0x0000059d   Thumb Code     8  libspace.o(.text)
    __user_perproc_libspace                  0x0000059d   Thumb Code     0  libspace.o(.text)
    __user_perthread_libspace                0x0000059d   Thumb Code     0  libspace.o(.text)
    _sys_exit                                0x000005a5   Thumb Code     8  sys_exit.o(.text)
    __I$use$semihosting                      0x000005b1   Thumb Code     0  use_no_semi.o(.text)
    __use_no_semihosting_swi                 0x000005b1   Thumb Code     2  use_no_semi.o(.text)
    __semihosting_library_function           0x000005b3   Thumb Code     0  indicate_semi.o(.text)
    FlashAllLEDs                             0x000005b5   Thumb Code    66  onboardleds.o(.text.FlashAllLEDs)
    FlashI2CError                            0x000005f9   Thumb Code    80  onboardleds.o(.text.FlashI2CError)
    FlashI2CRx                               0x00000649   Thumb Code    42  onboardleds.o(.text.FlashI2CRx)
    FlashI2CTx                               0x00000675   Thumb Code    42  onboardleds.o(.text.FlashI2CTx)
    FlashLED3                                0x000006a1   Thumb Code    56  onboardleds.o(.text.FlashLED3)
    GPIOJ_IRQHandler                         0x000006d9   Thumb Code    28  2dx_studio_8c.o(.text.GPIOJ_IRQHandler)
    PLL_Init                                 0x000006f5   Thumb Code   222  pll.o(.text.PLL_Init)
    Status_Check                             0x000007d5   Thumb Code   136  uart.o(.text.Status_Check)
    SysTick_Init                             0x00000881   Thumb Code    26  systick.o(.text.SysTick_Init)
    SysTick_Wait                             0x0000089d   Thumb Code    32  systick.o(.text.SysTick_Wait)
    SysTick_Wait10ms                         0x000008bd   Thumb Code    50  systick.o(.text.SysTick_Wait10ms)
    SystemInit                               0x000008f1   Thumb Code    36  system_msp432e401y.o(.text.SystemInit)
    UART_Init                                0x00000915   Thumb Code   184  uart.o(.text.UART_Init)
    UART_printf                              0x000009cd   Thumb Code    48  uart.o(.text.UART_printf)
    VL53L1X_BootState                        0x000009fd   Thumb Code    32  vl53l1x_api.o(.text.VL53L1X_BootState)
    VL53L1X_CheckForDataReady                0x00000a1d   Thumb Code    62  vl53l1x_api.o(.text.VL53L1X_CheckForDataReady)
    VL53L1X_ClearInterrupt                   0x00000a5d   Thumb Code     8  vl53l1x_api.o(.text.VL53L1X_ClearInterrupt)
    VL53L1X_GetAmbientRate                   0x00000a65   Thumb Code    28  vl53l1x_api.o(.text.VL53L1X_GetAmbientRate)
    VL53L1X_GetDistance                      0x00000a81   Thumb Code    26  vl53l1x_api.o(.text.VL53L1X_GetDistance)
    VL53L1X_GetRangeStatus                   0x00000a9d   Thumb Code    52  vl53l1x_api.o(.text.VL53L1X_GetRangeStatus)
    VL53L1X_GetSensorId                      0x00000ad1   Thumb Code    34  vl53l1x_api.o(.text.VL53L1X_GetSensorId)
    VL53L1X_GetSignalRate                    0x00000af5   Thumb Code    28  vl53l1x_api.o(.text.VL53L1X_GetSignalRate)
    VL53L1X_GetSpadNb                        0x00000b11   Thumb Code    26  vl53l1x_api.o(.text.VL53L1X_GetSpadNb)
    VL53L1X_SensorInit                       0x00000b2d   Thumb Code   244  vl53l1x_api.o(.text.VL53L1X_SensorInit)
    VL53L1X_StartRanging                     0x00000c59   Thumb Code     8  vl53l1x_api.o(.text.VL53L1X_StartRanging)
    VL53L1X_StopRanging                      0x00000c61   Thumb Code     8  vl53l1x_api.o(.text.VL53L1X_StopRanging)
    VL53L1_RdByte                            0x00000c69   Thumb Code    82  vl53l1_platform_2dx4.o(.text.VL53L1_RdByte)
    VL53L1_RdWord                            0x00000cbd   Thumb Code   142  vl53l1_platform_2dx4.o(.text.VL53L1_RdWord)
    VL53L1_WaitMs                            0x00000d4d   Thumb Code    24  vl53l1_platform_2dx4.o(.text.VL53L1_WaitMs)
    VL53L1_WrByte                            0x00000d65   Thumb Code    78  vl53l1_platform_2dx4.o(.text.VL53L1_WrByte)
    main                                     0x00000db5   Thumb Code  1500  2dx_studio_8c.o(.text.main)
    writeRegisterIndex                       0x00001419   Thumb Code    88  vl53l1_platform_2dx4.o(.text.writeRegisterIndex)
    writeRegisterIndex_nostop                0x00001471   Thumb Code    88  vl53l1_platform_2dx4.o(.text.writeRegisterIndex_nostop)
    _fp_init                                 0x000014c9   Thumb Code    26  fpinit.o(x$fpl$fpinit)
    __fplib_config_fpu_vfp                   0x000014e1   Thumb Code     0  fpinit.o(x$fpl$fpinit)
    __fplib_config_pureend_doubles           0x000014e1   Thumb Code     0  fpinit.o(x$fpl$fpinit)
    VL51L1X_DEFAULT_CONFIGURATION            0x0000150a   Data          91  vl53l1x_api.o(.rodata.VL51L1X_DEFAULT_CONFIGURATION)
    Region$$Table$$Base                      0x00001640   Number         0  anon$$obj.o(Region$$Table)
    Region$$Table$$Limit                     0x00001660   Number         0  anon$$obj.o(Region$$Table)
    SystemCoreClock                          0x20000000   Data           4  system_msp432e401y.o(.data.SystemCoreClock)
    dev                                      0x20000004   Data           2  2dx_studio_8c.o(.data.dev)
    __libspace_start                         0x20000008   Data          96  libspace.o(.bss)
    FallingEdges                             0x20000068   Data           4  2dx_studio_8c.o(.bss.FallingEdges)
    __temporary_stack_top$libspace           0x20000068   Data           0  libspace.o(.bss)
    status                                   0x2000086c   Data           4  2dx_studio_8c.o(.bss.status)



==============================================================================

Memory Map of the image

  Image Entry point : 0x000002b1

  Load Region LR_1 (Base: 0x00000000, Size: 0x00001668, Max: 0xffffffff, ABSOLUTE)

    Execution Region ER_RO (Exec base: 0x00000000, Load base: 0x00000000, Size: 0x00001660, Max: 0xffffffff, ABSOLUTE)

    Exec Addr    Load Addr    Size         Type   Attr      Idx    E Section Name        Object

    0x00000000   0x00000000   0x000001fc   Data   RO          256    RESET               startup_msp432e401y_uvision.o
    0x000001fc   0x000001fc   0x00000008   Code   RO          333  * !!!main             c_w.l(__main.o)
    0x00000204   0x00000204   0x00000034   Code   RO          532    !!!scatter          c_w.l(__scatter.o)
    0x00000238   0x00000238   0x0000001a   Code   RO          534    !!handler_copy      c_w.l(__scatter_copy.o)
    0x00000252   0x00000252   0x00000002   PAD
    0x00000254   0x00000254   0x0000001c   Code   RO          536    !!handler_zi        c_w.l(__scatter_zi.o)
    0x00000270   0x00000270   0x00000000   Code   RO          330    .ARM.Collect$$_printf_percent$$00000000  c_w.l(_printf_percent.o)
    0x00000270   0x00000270   0x00000006   Code   RO          328    .ARM.Collect$$_printf_percent$$00000009  c_w.l(_printf_d.o)
    0x00000276   0x00000276   0x00000006   Code   RO          329    .ARM.Collect$$_printf_percent$$0000000A  c_w.l(_printf_u.o)
    0x0000027c   0x0000027c   0x00000006   Code   RO          327    .ARM.Collect$$_printf_percent$$0000000C  c_w.l(_printf_x.o)
    0x00000282   0x00000282   0x00000004   Code   RO          362    .ARM.Collect$$_printf_percent$$00000017  c_w.l(_printf_percent_end.o)
    0x00000286   0x00000286   0x00000002   Code   RO          394    .ARM.Collect$$libinit$$00000000  c_w.l(libinit.o)
    0x00000288   0x00000288   0x00000004   Code   RO          400    .ARM.Collect$$libinit$$00000001  c_w.l(libinit2.o)
    0x0000028c   0x0000028c   0x00000000   Code   RO          403    .ARM.Collect$$libinit$$00000004  c_w.l(libinit2.o)
    0x0000028c   0x0000028c   0x00000000   Code   RO          405    .ARM.Collect$$libinit$$00000006  c_w.l(libinit2.o)
    0x0000028c   0x0000028c   0x00000000   Code   RO          408    .ARM.Collect$$libinit$$0000000C  c_w.l(libinit2.o)
    0x0000028c   0x0000028c   0x00000000   Code   RO          410    .ARM.Collect$$libinit$$0000000E  c_w.l(libinit2.o)
    0x0000028c   0x0000028c   0x00000000   Code   RO          412    .ARM.Collect$$libinit$$00000010  c_w.l(libinit2.o)
    0x0000028c   0x0000028c   0x00000000   Code   RO          415    .ARM.Collect$$libinit$$00000013  c_w.l(libinit2.o)
    0x0000028c   0x0000028c   0x00000000   Code   RO          417    .ARM.Collect$$libinit$$00000015  c_w.l(libinit2.o)
    0x0000028c   0x0000028c   0x00000000   Code   RO          419    .ARM.Collect$$libinit$$00000017  c_w.l(libinit2.o)
    0x0000028c   0x0000028c   0x00000000   Code   RO          421    .ARM.Collect$$libinit$$00000019  c_w.l(libinit2.o)
    0x0000028c   0x0000028c   0x00000000   Code   RO          423    .ARM.Collect$$libinit$$0000001B  c_w.l(libinit2.o)
    0x0000028c   0x0000028c   0x00000000   Code   RO          425    .ARM.Collect$$libinit$$0000001D  c_w.l(libinit2.o)
    0x0000028c   0x0000028c   0x00000000   Code   RO          427    .ARM.Collect$$libinit$$0000001F  c_w.l(libinit2.o)
    0x0000028c   0x0000028c   0x00000000   Code   RO          429    .ARM.Collect$$libinit$$00000021  c_w.l(libinit2.o)
    0x0000028c   0x0000028c   0x00000000   Code   RO          431    .ARM.Collect$$libinit$$00000023  c_w.l(libinit2.o)
    0x0000028c   0x0000028c   0x00000000   Code   RO          433    .ARM.Collect$$libinit$$00000025  c_w.l(libinit2.o)
    0x0000028c   0x0000028c   0x00000000   Code   RO          435    .ARM.Collect$$libinit$$00000027  c_w.l(libinit2.o)
    0x0000028c   0x0000028c   0x00000000   Code   RO          439    .ARM.Collect$$libinit$$0000002E  c_w.l(libinit2.o)
    0x0000028c   0x0000028c   0x00000000   Code   RO          441    .ARM.Collect$$libinit$$00000030  c_w.l(libinit2.o)
    0x0000028c   0x0000028c   0x00000000   Code   RO          443    .ARM.Collect$$libinit$$00000032  c_w.l(libinit2.o)
    0x0000028c   0x0000028c   0x00000000   Code   RO          445    .ARM.Collect$$libinit$$00000034  c_w.l(libinit2.o)
    0x0000028c   0x0000028c   0x00000002   Code   RO          446    .ARM.Collect$$libinit$$00000035  c_w.l(libinit2.o)
    0x0000028e   0x0000028e   0x00000002   Code   RO          468    .ARM.Collect$$libshutdown$$00000000  c_w.l(libshutdown.o)
    0x00000290   0x00000290   0x00000000   Code   RO          483    .ARM.Collect$$libshutdown$$00000002  c_w.l(libshutdown2.o)
    0x00000290   0x00000290   0x00000000   Code   RO          485    .ARM.Collect$$libshutdown$$00000004  c_w.l(libshutdown2.o)
    0x00000290   0x00000290   0x00000000   Code   RO          488    .ARM.Collect$$libshutdown$$00000007  c_w.l(libshutdown2.o)
    0x00000290   0x00000290   0x00000000   Code   RO          491    .ARM.Collect$$libshutdown$$0000000A  c_w.l(libshutdown2.o)
    0x00000290   0x00000290   0x00000000   Code   RO          493    .ARM.Collect$$libshutdown$$0000000C  c_w.l(libshutdown2.o)
    0x00000290   0x00000290   0x00000000   Code   RO          496    .ARM.Collect$$libshutdown$$0000000F  c_w.l(libshutdown2.o)
    0x00000290   0x00000290   0x00000002   Code   RO          497    .ARM.Collect$$libshutdown$$00000010  c_w.l(libshutdown2.o)
    0x00000292   0x00000292   0x00000000   Code   RO          355    .ARM.Collect$$rtentry$$00000000  c_w.l(__rtentry.o)
    0x00000292   0x00000292   0x00000000   Code   RO          369    .ARM.Collect$$rtentry$$00000002  c_w.l(__rtentry2.o)
    0x00000292   0x00000292   0x00000006   Code   RO          381    .ARM.Collect$$rtentry$$00000004  c_w.l(__rtentry4.o)
    0x00000298   0x00000298   0x00000000   Code   RO          371    .ARM.Collect$$rtentry$$00000009  c_w.l(__rtentry2.o)
    0x00000298   0x00000298   0x00000004   Code   RO          372    .ARM.Collect$$rtentry$$0000000A  c_w.l(__rtentry2.o)
    0x0000029c   0x0000029c   0x00000000   Code   RO          374    .ARM.Collect$$rtentry$$0000000C  c_w.l(__rtentry2.o)
    0x0000029c   0x0000029c   0x00000008   Code   RO          375    .ARM.Collect$$rtentry$$0000000D  c_w.l(__rtentry2.o)
    0x000002a4   0x000002a4   0x00000002   Code   RO          398    .ARM.Collect$$rtexit$$00000000  c_w.l(rtexit.o)
    0x000002a6   0x000002a6   0x00000000   Code   RO          448    .ARM.Collect$$rtexit$$00000002  c_w.l(rtexit2.o)
    0x000002a6   0x000002a6   0x00000004   Code   RO          449    .ARM.Collect$$rtexit$$00000003  c_w.l(rtexit2.o)
    0x000002aa   0x000002aa   0x00000006   Code   RO          450    .ARM.Collect$$rtexit$$00000004  c_w.l(rtexit2.o)
    0x000002b0   0x000002b0   0x0000003c   Code   RO          257  * .text               startup_msp432e401y_uvision.o
    0x000002ec   0x000002ec   0x00000028   Code   RO          280    .text               c_w.l(noretval__2sprintf.o)
    0x00000314   0x00000314   0x00000068   Code   RO          282    .text               c_w.l(__printf.o)
    0x0000037c   0x0000037c   0x00000078   Code   RO          284    .text               c_w.l(_printf_dec.o)
    0x000003f4   0x000003f4   0x00000058   Code   RO          289    .text               c_w.l(_printf_hex_int.o)
    0x0000044c   0x0000044c   0x00000006   Code   RO          331    .text               c_w.l(heapauxi.o)
    0x00000452   0x00000452   0x000000b2   Code   RO          356    .text               c_w.l(_printf_intcommon.o)
    0x00000504   0x00000504   0x00000030   Code   RO          358    .text               c_w.l(_printf_char_common.o)
    0x00000534   0x00000534   0x0000000a   Code   RO          360    .text               c_w.l(_sputc.o)
    0x0000053e   0x0000053e   0x0000004a   Code   RO          385    .text               c_w.l(sys_stackheap_outer.o)
    0x00000588   0x00000588   0x00000012   Code   RO          387    .text               c_w.l(exit.o)
    0x0000059a   0x0000059a   0x00000002   PAD
    0x0000059c   0x0000059c   0x00000008   Code   RO          395    .text               c_w.l(libspace.o)
    0x000005a4   0x000005a4   0x0000000c   Code   RO          458    .text               c_w.l(sys_exit.o)
    0x000005b0   0x000005b0   0x00000002   Code   RO          473    .text               c_w.l(use_no_semi.o)
    0x000005b2   0x000005b2   0x00000000   Code   RO          475    .text               c_w.l(indicate_semi.o)
    0x000005b2   0x000005b2   0x00000002   PAD
    0x000005b4   0x000005b4   0x00000042   Code   RO          166    .text.FlashAllLEDs  onboardleds.o
    0x000005f6   0x000005f6   0x00000002   PAD
    0x000005f8   0x000005f8   0x00000050   Code   RO          172    .text.FlashI2CError  onboardleds.o
    0x00000648   0x00000648   0x0000002a   Code   RO          170    .text.FlashI2CRx    onboardleds.o
    0x00000672   0x00000672   0x00000002   PAD
    0x00000674   0x00000674   0x0000002a   Code   RO          168    .text.FlashI2CTx    onboardleds.o
    0x0000069e   0x0000069e   0x00000002   PAD
    0x000006a0   0x000006a0   0x00000038   Code   RO          162    .text.FlashLED3     onboardleds.o
    0x000006d8   0x000006d8   0x0000001c   Code   RO          229    .text.GPIOJ_IRQHandler  2dx_studio_8c.o
    0x000006f4   0x000006f4   0x000000de   Code   RO            2    .text.PLL_Init      pll.o
    0x000007d2   0x000007d2   0x00000002   PAD
    0x000007d4   0x000007d4   0x000000ac   Code   RO          192    .text.Status_Check  uart.o
    0x00000880   0x00000880   0x0000001a   Code   RO           11    .text.SysTick_Init  systick.o
    0x0000089a   0x0000089a   0x00000002   PAD
    0x0000089c   0x0000089c   0x00000020   Code   RO           13    .text.SysTick_Wait  systick.o
    0x000008bc   0x000008bc   0x00000032   Code   RO           15    .text.SysTick_Wait10ms  systick.o
    0x000008ee   0x000008ee   0x00000002   PAD
    0x000008f0   0x000008f0   0x00000024   Code   RO          266    .text.SystemInit    system_msp432e401y.o
    0x00000914   0x00000914   0x000000b8   Code   RO          184    .text.UART_Init     uart.o
    0x000009cc   0x000009cc   0x00000030   Code   RO          190    .text.UART_printf   uart.o
    0x000009fc   0x000009fc   0x00000020   Code   RO           94    .text.VL53L1X_BootState  vl53l1x_api.o
    0x00000a1c   0x00000a1c   0x0000003e   Code   RO           74    .text.VL53L1X_CheckForDataReady  vl53l1x_api.o
    0x00000a5a   0x00000a5a   0x00000002   PAD
    0x00000a5c   0x00000a5c   0x00000008   Code   RO           70    .text.VL53L1X_ClearInterrupt  vl53l1x_api.o
    0x00000a64   0x00000a64   0x0000001c   Code   RO          108    .text.VL53L1X_GetAmbientRate  vl53l1x_api.o
    0x00000a80   0x00000a80   0x0000001a   Code   RO           98    .text.VL53L1X_GetDistance  vl53l1x_api.o
    0x00000a9a   0x00000a9a   0x00000002   PAD
    0x00000a9c   0x00000a9c   0x00000034   Code   RO          110    .text.VL53L1X_GetRangeStatus  vl53l1x_api.o
    0x00000ad0   0x00000ad0   0x00000022   Code   RO           96    .text.VL53L1X_GetSensorId  vl53l1x_api.o
    0x00000af2   0x00000af2   0x00000002   PAD
    0x00000af4   0x00000af4   0x0000001c   Code   RO          104    .text.VL53L1X_GetSignalRate  vl53l1x_api.o
    0x00000b10   0x00000b10   0x0000001a   Code   RO          106    .text.VL53L1X_GetSpadNb  vl53l1x_api.o
    0x00000b2a   0x00000b2a   0x00000002   PAD
    0x00000b2c   0x00000b2c   0x0000012c   Code   RO           68    .text.VL53L1X_SensorInit  vl53l1x_api.o
    0x00000c58   0x00000c58   0x00000008   Code   RO           72    .text.VL53L1X_StartRanging  vl53l1x_api.o
    0x00000c60   0x00000c60   0x00000008   Code   RO           76    .text.VL53L1X_StopRanging  vl53l1x_api.o
    0x00000c68   0x00000c68   0x00000052   Code   RO           47    .text.VL53L1_RdByte  vl53l1_platform_2dx4.o
    0x00000cba   0x00000cba   0x00000002   PAD
    0x00000cbc   0x00000cbc   0x0000008e   Code   RO           49    .text.VL53L1_RdWord  vl53l1_platform_2dx4.o
    0x00000d4a   0x00000d4a   0x00000002   PAD
    0x00000d4c   0x00000d4c   0x00000018   Code   RO           53    .text.VL53L1_WaitMs  vl53l1_platform_2dx4.o
    0x00000d64   0x00000d64   0x0000004e   Code   RO           41    .text.VL53L1_WrByte  vl53l1_platform_2dx4.o
    0x00000db2   0x00000db2   0x00000002   PAD
    0x00000db4   0x00000db4   0x00000664   Code   RO          239    .text.main          2dx_studio_8c.o
    0x00001418   0x00001418   0x00000058   Code   RO           29    .text.writeRegisterIndex  vl53l1_platform_2dx4.o
    0x00001470   0x00001470   0x00000058   Code   RO           31    .text.writeRegisterIndex_nostop  vl53l1_platform_2dx4.o
    0x000014c8   0x000014c8   0x0000001a   Code   RO          456    x$fpl$fpinit        fz_wm.l(fpinit.o)
    0x000014e2   0x000014e2   0x00000028   Data   RO          290    .constdata          c_w.l(_printf_hex_int.o)
    0x0000150a   0x0000150a   0x0000005b   Data   RO          148    .rodata.VL51L1X_DEFAULT_CONFIGURATION  vl53l1x_api.o
    0x00001565   0x00001565   0x00000018   Data   RO          149    .rodata.status_rtn  vl53l1x_api.o
    0x0000157d   0x0000157d   0x000000c0   Data   RO          244    .rodata.str1.1      2dx_studio_8c.o
    0x0000163d   0x0000163d   0x00000003   PAD
    0x00001640   0x00001640   0x00000020   Data   RO          531    Region$$Table       anon$$obj.o


    Execution Region ER_RW (Exec base: 0x20000000, Load base: 0x00001660, Size: 0x00000008, Max: 0xffffffff, ABSOLUTE)

    Exec Addr    Load Addr    Size         Type   Attr      Idx    E Section Name        Object

    0x20000000   0x00001660   0x00000004   Data   RW          268    .data.SystemCoreClock  system_msp432e401y.o
    0x20000004   0x00001664   0x00000002   Data   RW          242    .data.dev           2dx_studio_8c.o


    Execution Region ER_ZI (Exec base: 0x20000008, Load base: 0x00001668, Size: 0x00000a68, Max: 0xffffffff, ABSOLUTE)

    Exec Addr    Load Addr    Size         Type   Attr      Idx    E Section Name        Object

    0x20000008        -       0x00000060   Zero   RW          396    .bss                c_w.l(libspace.o)
    0x20000068        -       0x00000004   Zero   RW          241    .bss.FallingEdges   2dx_studio_8c.o
    0x2000006c        -       0x000003ff   Zero   RW          194    .bss.printf_buffer  uart.o
    0x2000046b        -       0x000003ff   Zero   RW          245    .bss.printf_buffer  2dx_studio_8c.o
    0x2000086a   0x00001668   0x00000002   PAD
    0x2000086c        -       0x00000004   Zero   RW          243    .bss.status         2dx_studio_8c.o
    0x20000870        -       0x00000000   Zero   RW          255    HEAP                startup_msp432e401y_uvision.o
    0x20000870        -       0x00000200   Zero   RW          254    STACK               startup_msp432e401y_uvision.o


==============================================================================

Image component sizes


      Code (inc. data)   RO Data    RW Data    ZI Data      Debug   Object Name

      1664        136        192          2       1031       6452   2dx_studio_8c.o
       286          0          0          0          0       2372   onboardleds.o
       222          0          0          0          0        746   pll.o
        60         22        508          0        512       1000   startup_msp432e401y_uvision.o
        36          0          0          4          0       7247   system_msp432e401y.o
       108          0          0          0          0       1206   systick.o
       404         36          0          0       1023       2249   uart.o
       502          0          0          0          0       7437   vl53l1_platform_2dx4.o
       612         56        115          0          0      18086   vl53l1x_api.o

    ----------------------------------------------------------------------
      3920        250        850          8       2568      46795   Object Totals
         0          0         32          0          0          0   (incl. Generated)
        26          0          3          2          2          0   (incl. Padding)

    ----------------------------------------------------------------------

      Code (inc. data)   RO Data    RW Data    ZI Data      Debug   Library Member Name

         8          0          0          0          0         68   __main.o
       104          0          0          0          0         84   __printf.o
         0          0          0          0          0          0   __rtentry.o
        12          0          0          0          0          0   __rtentry2.o
         6          0          0          0          0          0   __rtentry4.o
        52          8          0          0          0          0   __scatter.o
        26          0          0          0          0          0   __scatter_copy.o
        28          0          0          0          0          0   __scatter_zi.o
        48          6          0          0          0         96   _printf_char_common.o
         6          0          0          0          0          0   _printf_d.o
       120         16          0          0          0         92   _printf_dec.o
        88          4         40          0          0         88   _printf_hex_int.o
       178          0          0          0          0         88   _printf_intcommon.o
         0          0          0          0          0          0   _printf_percent.o
         4          0          0          0          0          0   _printf_percent_end.o
         6          0          0          0          0          0   _printf_u.o
         6          0          0          0          0          0   _printf_x.o
        10          0          0          0          0         68   _sputc.o
        18          0          0          0          0         80   exit.o
         6          0          0          0          0        152   heapauxi.o
         0          0          0          0          0          0   indicate_semi.o
         2          0          0          0          0          0   libinit.o
         6          0          0          0          0          0   libinit2.o
         2          0          0          0          0          0   libshutdown.o
         2          0          0          0          0          0   libshutdown2.o
         8          4          0          0         96         68   libspace.o
        40          6          0          0          0         84   noretval__2sprintf.o
         2          0          0          0          0          0   rtexit.o
        10          0          0          0          0          0   rtexit2.o
        12          4          0          0          0         68   sys_exit.o
        74          0          0          0          0         80   sys_stackheap_outer.o
         2          0          0          0          0         68   use_no_semi.o
        26          0          0          0          0        116   fpinit.o

    ----------------------------------------------------------------------
       918         48         40          0         96       1300   Library Totals
         6          0          0          0          0          0   (incl. Padding)

    ----------------------------------------------------------------------

      Code (inc. data)   RO Data    RW Data    ZI Data      Debug   Library Name

       886         48         40          0         96       1184   c_w.l
        26          0          0          0          0        116   fz_wm.l

    ----------------------------------------------------------------------
       918         48         40          0         96       1300   Library Totals

    ----------------------------------------------------------------------

==============================================================================


      Code (inc. data)   RO Data    RW Data    ZI Data      Debug   

      4838        298        890          8       2664      47435   Grand Totals
      4838        298        890          8       2664      47435   ELF Image Totals
      4838        298        890          8          0          0   ROM Totals

==============================================================================

    Total RO  Size (Code + RO Data)                 5728 (   5.59kB)
    Total RW  Size (RW Data + ZI Data)              2672 (   2.61kB)
    Total ROM Size (Code + RO Data + RW Data)       5736 (   5.60kB)

==============================================================================

